[Licensing::Module] Trying to connect to existing licensing client channel...
Built from '6000.3/staging' branch; Version is '6000.3.15f1 (c1aa84e375f6) revision 12692100'; Using compiler version '194234433'; Build Type 'Release'
OS: 'Windows 11  (10.0.26200) Core' Language: 'en' Physical Memory: 32346 MB
[Licensing::IpcConnector] Successfully connected to: "LicenseClient-penda" at "2026-09-08T16:22:02.7351969Z"
BatchMode: 1, IsHumanControllingUs: 0, StartBugReporterOnCrash: 0, Is64bit: 1
System  architecture: x64
Process architecture: x64
Date: 2026-09-08T16:22:02Z

COMMAND LINE ARGUMENTS:
C:\Program Files\Unity\Hub\Editor\6000.3.15f1\Editor\Unity.exe
-adb2
-batchMode
-noUpm
-name
AssetImportWorker1
-projectPath
C:/Users/penda/Documents/GitHub/Cross_Platform_Second_Year/02 Input
-logFile
Logs/AssetImportWorker1.log
-srvPort
58577
-licensingIpc
LicenseClient-penda
-job-worker-count
7
-background-job-worker-count
8
-gc-helper-count
1
-name
AssetImport
Successfully changed project path to: C:/Users/penda/Documents/GitHub/Cross_Platform_Second_Year/02 Input
C:/Users/penda/Documents/GitHub/Cross_Platform_Second_Year/02 Input
[UnityMemory] Configuration Parameters - Can be set up in boot.config
    "memorysetup-temp-allocator-size-nav-mesh-worker=65536"
    "memorysetup-temp-allocator-size-audio-worker=65536"
    "memorysetup-temp-allocator-size-gfx=262144"
    "memorysetup-allocator-temp-initial-block-size-main=262144"
    "memorysetup-allocator-temp-initial-block-size-worker=262144"
    "memorysetup-temp-allocator-size-background-worker=32768"
    "memorysetup-temp-allocator-size-job-worker=262144"
    "memorysetup-temp-allocator-size-preload-manager=33554432"
    "memorysetup-temp-allocator-size-gi-baking-worker=262144"
    "memorysetup-temp-allocator-size-gi-baking-worker=262144"
    "memorysetup-temp-allocator-size-gi-baking-worker=262144"
    "memorysetup-temp-allocator-size-gi-baking-worker=262144"
    "memorysetup-temp-allocator-size-gi-baking-worker=262144"
    "memorysetup-bucket-allocator-granularity=16"
    "memorysetup-bucket-allocator-bucket-count=8"
    "memorysetup-bucket-allocator-block-size=33554432"
    "memorysetup-bucket-allocator-block-count=8"
    "memorysetup-main-allocator-block-size=16777216"
    "memorysetup-thread-allocator-block-size=16777216"
    "memorysetup-gfx-main-allocator-block-size=16777216"
    "memorysetup-gfx-thread-allocator-block-size=16777216"
    "memorysetup-cache-allocator-block-size=4194304"
    "memorysetup-typetree-allocator-block-size=2097152"
    "memorysetup-profiler-bucket-allocator-granularity=16"
    "memorysetup-profiler-bucket-allocator-bucket-count=8"
    "memorysetup-profiler-bucket-allocator-block-size=33554432"
    "memorysetup-profiler-bucket-allocator-block-count=8"
    "memorysetup-profiler-allocator-block-size=16777216"
    "memorysetup-profiler-editor-allocator-block-size=1048576"
    "memorysetup-temp-allocator-size-main=16777216"
    "memorysetup-job-temp-allocator-block-size=2097152"
    "memorysetup-job-temp-allocator-block-size-background=1048576"
    "memorysetup-job-temp-allocator-reduction-small-platforms=262144"
    "memorysetup-temp-allocator-size-cloud-worker=32768"
Player connection [37944]  Target information:

Player connection [37944]  * "[IP] 192.168.0.17 [Port] 0 [Flags] 2 [Guid] 1961541891 [EditorId] 1961541891 [Version] 1048832 [Id] WindowsEditor(7,BigLug) [Debug] 1 [PackageName] WindowsEditor [ProjectName] Editor" 

Player connection [37944] Host joined multi-casting on [225.0.0.222:54997]...
Player connection [37944] Host joined alternative multi-casting on [225.0.0.222:34997]...
JobSystem: Creating JobQueue using job-worker-count value 7
Input System module state changed to: Initialized.
[Physics::Module] Initialized fallback backend.
[Physics::Module] Id: 0xdecafbad
Library Redirect Path: Library/
[Physics::Module] Selected backend.
[Physics::Module] Name: PhysX
[Physics::Module] Id: 0xf2b8ea05
[Physics::Module] SDK Version: 4.1.2
[Physics::Module] Integration Version: 1.0.0
[Physics::Module] Threading Mode: Multi-Threaded
Refreshing native plugins compatible for Editor in 15.78 ms, found 4 plugins.
Preloading 0 native plugins for Editor in 0.00 ms.
Initialize engine version: 6000.3.15f1 (c1aa84e375f6)
[Subsystems] Discovering subsystems at path C:/Program Files/Unity/Hub/Editor/6000.3.15f1/Editor/Data/Resources/UnitySubsystems
[Subsystems] Discovering subsystems at path C:/Users/penda/Documents/GitHub/Cross_Platform_Second_Year/02 Input/Assets
GfxDevice: creating device client; kGfxThreadingModeNonThreaded
Direct3D:
    Version:  Direct3D 11.0 [level 11.1]
    Renderer: NVIDIA GeForce RTX 5070 (ID=0x2f04)
    Vendor:   NVIDIA
    VRAM:     11943 MB
    Driver:   32.0.16.1047
Initialize mono
Mono path[0] = 'C:/Program Files/Unity/Hub/Editor/6000.3.15f1/Editor/Data/Managed'
Mono path[1] = 'C:/Program Files/Unity/Hub/Editor/6000.3.15f1/Editor/Data/MonoBleedingEdge/lib/mono/unityjit-win32'
Mono config path = 'C:/Program Files/Unity/Hub/Editor/6000.3.15f1/Editor/Data/MonoBleedingEdge/etc'
Using monoOptions --debugger-agent=transport=dt_socket,embedding=1,server=y,suspend=n,address=127.0.0.1:56772
Begin MonoManager ReloadAssembly
Registering precompiled unity dll's ...
Register platform support module: C:/Program Files/Unity/Hub/Editor/6000.3.15f1/Editor/Data/PlaybackEngines/WebGLSupport/UnityEditor.WebGL.Extensions.dll
Register platform support module: C:/Program Files/Unity/Hub/Editor/6000.3.15f1/Editor/Data/PlaybackEngines/WindowsStandaloneSupport/UnityEditor.WindowsStandalone.Extensions.dll
[Licensing::Module] Licensing is not yet initialized.
[Licensing::Client] Error: HandshakeResponse reported an error:
	ResponseCode: 505
	ResponseStatus: Unsupported protocol version '1.18.1'.
[Licensing::Module] Error: Failed to handshake to channel: "LicenseClient-penda"
[Licensing::IpcConnector] LicenseClient-penda channel disconnected successfully.
[Licensing::IpcConnector] Successfully connected to: "LicenseClient-penda-6000.3.15" at "2026-09-08T16:22:03.9689096Z"
[Licensing::Client] Code 10 while verifying Licensing Client signature (process Id: 38796, path: "C:/Program Files/Unity/Hub/Editor/6000.3.15f1/Editor/Data/Resources/Licensing/Client/Unity.Licensing.Client.exe")
[Licensing::Module] LicensingClient has failed validation; ignoring
[Licensing::Client] Handshaking with LicensingClient:
  Version:                 1.18.1+9fbee8e
  Session Id:              46889320391d4aa9a5b23e23f06cd59b
  Correlation Id:          a016e66b084e38bcd28341b25d516b60
  External correlation Id: 8489504689845882657
  Machine Id:              l/GpJj1ofgx/kXnalUV5UWkiK00=
[Licensing::Module] Successfully connected to LicensingClient on channel: "LicenseClient-penda-6000.3.15" (connect: 0.00s, validation: 0.00s, handshake: 0.01s)
[Licensing::IpcConnector] Successfully connected to: "LicenseClient-penda-6000.3.15-notifications" at "2026-09-08T16:22:03.9767174Z"
[Licensing::Module] Licensing Background thread has ended after 1.24s
[Licensing::Module] Licensing is initialized (took 0.48s).
[Licensing::Client] Successfully resolved entitlement details
[Licensing::Module] License group:
  Id: 135508-UnityPersXXXX
  Product: Unity Personal
  Type: Assigned
  Expiration: Unlimited
Register platform support module: C:/Program Files/Unity/Hub/Editor/6000.3.15f1/Editor/Data/PlaybackEngines/MetroSupport/UnityEditor.UWP.Extensions.dll
[Licensing::Client] Successfully resolved entitlement details
Register platform support module: C:/Program Files/Unity/Hub/Editor/6000.3.15f1/Editor/Data/PlaybackEngines/AndroidPlayer/UnityEditor.Android.Extensions.dll
Registered in 0.488716 seconds.
- Loaded All Assemblies, in  0.859 seconds
Native extension for Android target not found
Native extension for UWP target not found
Native extension for WindowsStandalone target not found
Native extension for WebGL target not found
Package Manager log level set to [2]
[Package Manager] Failed to launch server process. Reason: Unity was launched with the -noUpm command-line argument
[Package Manager] Unable to send message (not connected to server process).
[Package Manager] Cannot connect to Unity Package Manager local server
ScheduleIndexationOnStartup MainProcess:False IndexOnStartup:True
Mono: successfully reloaded assembly
- Finished resetting the current domain, in  0.322 seconds
Domain Reload Profiling: 1178ms
	BeginReloadAssembly (131ms)
		ExecutionOrderSort (0ms)
		DisableScriptedObjects (0ms)
		BackupInstance (0ms)
		ReleaseScriptingObjects (0ms)
		CreateAndSetChildDomain (1ms)
	RebuildCommonClasses (39ms)
	RebuildNativeTypeToScriptingClass (15ms)
	initialDomainReloadingComplete (529ms)
	LoadAllAssembliesAndSetupDomain (141ms)
		LoadAssemblies (128ms)
		RebuildTransferFunctionScriptingTraits (0ms)
		AnalyzeDomain (138ms)
			TypeCache.Refresh (136ms)
				TypeCache.ScanAssembly (126ms)
			BuildScriptInfoCaches (0ms)
			ResolveRequiredComponents (0ms)
	FinalizeReload (322ms)
		ReleaseScriptCaches (0ms)
		RebuildScriptCaches (0ms)
		SetupLoadedEditorAssemblies (290ms)
			LogAssemblyErrors (0ms)
			InitializePlatformSupportModulesInManaged (45ms)
			SetLoadedEditorAssemblies (3ms)
			BeforeProcessingInitializeOnLoad (54ms)
			ProcessInitializeOnLoadAttributes (133ms)
			ProcessInitializeOnLoadMethodAttributes (55ms)
			AfterProcessingInitializeOnLoad (0ms)
			EditorAssembliesLoaded (0ms)
		ExecutionOrderSort2 (0ms)
		AwakeInstancesAfterBackupRestoration (0ms)
========================================================================
Worker process is ready to serve import requests
Import Worker Mode flag is 0x00
Begin MonoManager ReloadAssembly
[Licensing::Client] Successfully resolved entitlement details
Symbol file LoadedFromMemory is not a mono symbol file
- Loaded All Assemblies, in  0.595 seconds
Refreshing native plugins compatible for Editor in 9.76 ms, found 4 plugins.
Native extension for Android target not found
Native extension for UWP target not found
Native extension for WindowsStandalone target not found
Native extension for WebGL target not found
[Package Manager] Failed to launch server process. Reason: Unity was launched with the -noUpm command-line argument
[Package Manager] Unable to send message (not connected to server process).
[Package Manager] Cannot connect to Unity Package Manager local server
Refreshing native plugins compatible for Editor in 13.66 ms, found 4 plugins.
[Package Manager] Failed to launch server process. Reason: Unity was launched with the -noUpm command-line argument
[Package Manager] Unable to send message (not connected to server process).
[Package Manager] Cannot connect to Unity Package Manager local server
ScheduleIndexationOnStartup MainProcess:False IndexOnStartup:True
Mono: successfully reloaded assembly
- Finished resetting the current domain, in  0.485 seconds
Domain Reload Profiling: 1074ms
	BeginReloadAssembly (163ms)
		ExecutionOrderSort (0ms)
		DisableScriptedObjects (5ms)
		BackupInstance (0ms)
		ReleaseScriptingObjects (0ms)
		CreateAndSetChildDomain (32ms)
	RebuildCommonClasses (31ms)
	RebuildNativeTypeToScriptingClass (10ms)
	initialDomainReloadingComplete (31ms)
	LoadAllAssembliesAndSetupDomain (353ms)
		LoadAssemblies (296ms)
		RebuildTransferFunctionScriptingTraits (0ms)
		AnalyzeDomain (148ms)
			TypeCache.Refresh (99ms)
				TypeCache.ScanAssembly (87ms)
			BuildScriptInfoCaches (44ms)
			ResolveRequiredComponents (2ms)
	FinalizeReload (486ms)
		ReleaseScriptCaches (0ms)
		RebuildScriptCaches (0ms)
		SetupLoadedEditorAssemblies (405ms)
			LogAssemblyErrors (0ms)
			InitializePlatformSupportModulesInManaged (7ms)
			SetLoadedEditorAssemblies (2ms)
			BeforeProcessingInitializeOnLoad (98ms)
			ProcessInitializeOnLoadAttributes (247ms)
			ProcessInitializeOnLoadMethodAttributes (44ms)
			AfterProcessingInitializeOnLoad (7ms)
			EditorAssembliesLoaded (0ms)
		ExecutionOrderSort2 (0ms)
		AwakeInstancesAfterBackupRestoration (5ms)
Launched and connected shader compiler UnityShaderCompiler.exe after 0.01 seconds
Refreshing native plugins compatible for Editor in 12.44 ms, found 4 plugins.
Preloading 0 native plugins for Editor in 0.00 ms.
Unloading 0 Unused Serialized files (Serialized files now loaded: 0)
Unloading 4437 unused Assets / (1.5 MB). Loaded Objects now: 4957.
Memory consumption went from 93.9 MB to 92.5 MB.
Total: 6.826700 ms (FindLiveObjects: 0.489200 ms CreateObjectMapping: 0.241100 ms MarkObjects: 4.290300 ms  DeleteObjects: 1.804400 ms)

========================================================================
Received Import Request.
  Time since last request: 247983.515737 seconds.
  path: Assets/PT_Scenes/Experiment06.unity
  artifactKey: Guid(346dc32ca7eb2de4abf74423cd70e199) Importer(2089858483,d624ce77472d68a35037170ec1d2d27e)
Start importing Assets/PT_Scenes/Experiment06.unity using Guid(346dc32ca7eb2de4abf74423cd70e199) Importer(2089858483,d624ce77472d68a35037170ec1d2d27e) (ScriptedImporter) -> (artifact id: '6f8da9e4f01f7fbb2f48eb0a107cf06e') in 0.0398633 seconds
Number of updated asset objects reloaded before import = 0Number of asset objects unloaded after import = 1

========================================================================
Received Import Request.
  Time since last request: 0.000017 seconds.
  path: Assets/PT_Scripts/PT_joystick.cs
  artifactKey: Guid(208f137010103f34a994eaef84d8c154) Importer(2089858483,d624ce77472d68a35037170ec1d2d27e)
Start importing Assets/PT_Scripts/PT_joystick.cs using Guid(208f137010103f34a994eaef84d8c154) Importer(2089858483,d624ce77472d68a35037170ec1d2d27e) (ScriptedImporter) -> (artifact id: 'e8096c56ae2c8ea59a5bbc0246ce0824') in 0.0248058 seconds
Number of updated asset objects reloaded before import = 0Number of asset objects unloaded after import = 0

========================================================================
Received Import Request.
  Time since last request: 0.000097 seconds.
  path: Assets/PT_Prefabs/Level_Data.prefab
  artifactKey: Guid(28da9be151f6a8844b6247356c8e04cb) Importer(2089858483,d624ce77472d68a35037170ec1d2d27e)
Start importing Assets/PT_Prefabs/Level_Data.prefab using Guid(28da9be151f6a8844b6247356c8e04cb) Importer(2089858483,d624ce77472d68a35037170ec1d2d27e) (ScriptedImporter) -> (artifact id: '8fadce96b4a6942329f21270e46891d0') in 0.0222568 seconds
Number of updated asset objects reloaded before import = 0Number of asset objects unloaded after import = 5

========================================================================
Received Import Request.
  Time since last request: 0.000033 seconds.
  path: Assets/MDXGames_Textures/Triangles/Triangle_Green.png
  artifactKey: Guid(293ad5e65121e124fbfa8e11eaa4b2aa) Importer(2089858483,d624ce77472d68a35037170ec1d2d27e)
Start importing Assets/MDXGames_Textures/Triangles/Triangle_Green.png using Guid(293ad5e65121e124fbfa8e11eaa4b2aa) Importer(2089858483,d624ce77472d68a35037170ec1d2d27e) (ScriptedImporter) -> (artifact id: '8e08d68e1615426ece0d24f7d63e98b7') in 0.047467 seconds
Number of updated asset objects reloaded before import = 0Number of asset objects unloaded after import = 3

========================================================================
Received Import Request.
  Time since last request: 0.000019 seconds.
  path: Assets/PT_Prefabs/Josystick Controller.prefab
  artifactKey: Guid(61d31748bac2af7489791a30ffbc1f2b) Importer(2089858483,d624ce77472d68a35037170ec1d2d27e)
Start importing Assets/PT_Prefabs/Josystick Controller.prefab using Guid(61d31748bac2af7489791a30ffbc1f2b) Importer(2089858483,d624ce77472d68a35037170ec1d2d27e) (ScriptedImporter) -> (artifact id: '9fcc9684975c9b5b8580499be9d74ba9') in 0.0117543 seconds
Number of updated asset objects reloaded before import = 0Number of asset objects unloaded after import = 15

========================================================================
Received Import Request.
  Time since last request: 0.000013 seconds.
  path: Assets/PT_Scenes/Experiment02.unity
  artifactKey: Guid(a41f60d1dd5a8694e9b767562b563007) Importer(2089858483,d624ce77472d68a35037170ec1d2d27e)
Start importing Assets/PT_Scenes/Experiment02.unity using Guid(a41f60d1dd5a8694e9b767562b563007) Importer(2089858483,d624ce77472d68a35037170ec1d2d27e) (ScriptedImporter) -> (artifact id: 'e47db87b4e2af8f898b3aa3afd8d4264') in 0.003107 seconds
Number of updated asset objects reloaded before import = 0Number of asset objects unloaded after import = 1

========================================================================
Received Import Request.
  Time since last request: 0.000045 seconds.
  path: Assets/PT_Scripts/PT_BumpSquare.cs
  artifactKey: Guid(e65ff15ac2fd23744947b9bb3d41aeb3) Importer(2089858483,d624ce77472d68a35037170ec1d2d27e)
Start importing Assets/PT_Scripts/PT_BumpSquare.cs using Guid(e65ff15ac2fd23744947b9bb3d41aeb3) Importer(2089858483,d624ce77472d68a35037170ec1d2d27e) (ScriptedImporter) -> (artifact id: 'afdce5afdada061b4a20f46d31d3b903') in 0.0030424 seconds
Number of updated asset objects reloaded before import = 0Number of asset objects unloaded after import = 0

========================================================================
Received Import Request.
  Time since last request: 0.000079 seconds.
  path: Assets/MDXGames_Textures/Pawns/Pawn_Yellow.png
  artifactKey: Guid(c3c8b52e505e8524d848292e841dd73a) Importer(2089858483,d624ce77472d68a35037170ec1d2d27e)
Start importing Assets/MDXGames_Textures/Pawns/Pawn_Yellow.png using Guid(c3c8b52e505e8524d848292e841dd73a) Importer(2089858483,d624ce77472d68a35037170ec1d2d27e) (ScriptedImporter) -> (artifact id: '301187beb4b354c390a2a0dcb5ab8c4c') in 0.0068651 seconds
Number of updated asset objects reloaded before import = 0Number of asset objects unloaded after import = 3

========================================================================
Received Import Request.
  Time since last request: 0.000018 seconds.
  path: Assets/PT_Scripts/PT_screen_wrap.cs
  artifactKey: Guid(addd20ebeac4c3f44b93c4085d4d81ba) Importer(2089858483,d624ce77472d68a35037170ec1d2d27e)
Start importing Assets/PT_Scripts/PT_screen_wrap.cs using Guid(addd20ebeac4c3f44b93c4085d4d81ba) Importer(2089858483,d624ce77472d68a35037170ec1d2d27e) (ScriptedImporter) -> (artifact id: '97dd5e9e46debe536bd914da68a12ed7') in 0.0034695 seconds
Number of updated asset objects reloaded before import = 0Number of asset objects unloaded after import = 0

========================================================================
Received Import Request.
  Time since last request: 0.000118 seconds.
  path: Assets/PT_Scripts/PT_Accelerometer_Rotate_Move.cs
  artifactKey: Guid(cb13c50dfe0364342b12a0328443be19) Importer(2089858483,d624ce77472d68a35037170ec1d2d27e)
Start importing Assets/PT_Scripts/PT_Accelerometer_Rotate_Move.cs using Guid(cb13c50dfe0364342b12a0328443be19) Importer(2089858483,d624ce77472d68a35037170ec1d2d27e) (ScriptedImporter) -> (artifact id: '1e13a3c33c250233edbcc8e97d1bc5fb') in 0.0030144 seconds
Number of updated asset objects reloaded before import = 0Number of asset objects unloaded after import = 0

========================================================================
Received Import Request.
  Time since last request: 0.000104 seconds.
  path: Assets/PT_Scripts/PT_Drag_Throw_Mouse.cs
  artifactKey: Guid(705696cf389fa634b94e9605c7c6203d) Importer(2089858483,d624ce77472d68a35037170ec1d2d27e)
Start importing Assets/PT_Scripts/PT_Drag_Throw_Mouse.cs using Guid(705696cf389fa634b94e9605c7c6203d) Importer(2089858483,d624ce77472d68a35037170ec1d2d27e) (ScriptedImporter) -> (artifact id: '9b3e1a7c5f1e9fb57bc42fa7d11dc8dc') in 0.0030167 seconds
Number of updated asset objects reloaded before import = 0Number of asset objects unloaded after import = 0

========================================================================
Received Import Request.
  Time since last request: 0.000064 seconds.
  path: Assets/MDXGames_Textures/Circles/Circle_Purple.png
  artifactKey: Guid(3ed48a5c408cd024db780ef6ad9cffa3) Importer(2089858483,d624ce77472d68a35037170ec1d2d27e)
Start importing Assets/MDXGames_Textures/Circles/Circle_Purple.png using Guid(3ed48a5c408cd024db780ef6ad9cffa3) Importer(2089858483,d624ce77472d68a35037170ec1d2d27e) (ScriptedImporter) -> (artifact id: '4e223e971dc2e96f2917e1c9f94ac021') in 0.00666 seconds
Number of updated asset objects reloaded before import = 0Number of asset objects unloaded after import = 3

========================================================================
Received Import Request.
  Time since last request: 0.000015 seconds.
  path: Assets/Plugins/Android/mainTemplate.gradle
  artifactKey: Guid(4757d44065e87a740b75b6ab033d999f) Importer(2089858483,d624ce77472d68a35037170ec1d2d27e)
Start importing Assets/Plugins/Android/mainTemplate.gradle using Guid(4757d44065e87a740b75b6ab033d999f) Importer(2089858483,d624ce77472d68a35037170ec1d2d27e) (ScriptedImporter) -> (artifact id: 'cf110fd1521029446feb8ac4fdea1c78') in 0.0030742 seconds
Number of updated asset objects reloaded before import = 0Number of asset objects unloaded after import = 1

========================================================================
Received Import Request.
  Time since last request: 0.000045 seconds.
  path: Assets/MDXGames_Textures/Triangles/Triangle_Red.png
  artifactKey: Guid(a0cb563365bdd9d45a8438cfca2ad9d8) Importer(2089858483,d624ce77472d68a35037170ec1d2d27e)
Start importing Assets/MDXGames_Textures/Triangles/Triangle_Red.png using Guid(a0cb563365bdd9d45a8438cfca2ad9d8) Importer(2089858483,d624ce77472d68a35037170ec1d2d27e) (ScriptedImporter) -> (artifact id: '27205a70fcd18e4d4edeea2123a50777') in 0.0070353 seconds
Number of updated asset objects reloaded before import = 0Number of asset objects unloaded after import = 3

========================================================================
Received Import Request.
  Time since last request: 0.000015 seconds.
  path: Assets/MDXGames_Textures/Stars/Star_Purple.png
  artifactKey: Guid(65909e79f7d46b947a3600bdd592a30a) Importer(2089858483,d624ce77472d68a35037170ec1d2d27e)
Start importing Assets/MDXGames_Textures/Stars/Star_Purple.png using Guid(65909e79f7d46b947a3600bdd592a30a) Importer(2089858483,d624ce77472d68a35037170ec1d2d27e) (ScriptedImporter) -> (artifact id: 'b4bece41dcd0e1a5f7d6acefc94d900b') in 0.0101611 seconds
Number of updated asset objects reloaded before import = 0Number of asset objects unloaded after import = 3

========================================================================
Received Import Request.
  Time since last request: 0.000014 seconds.
  path: Assets/MDXGames_Textures/Squares/Square_Purple.png
  artifactKey: Guid(56cff613cbf0cd04ba04c7c307fb4139) Importer(2089858483,d624ce77472d68a35037170ec1d2d27e)
Start importing Assets/MDXGames_Textures/Squares/Square_Purple.png using Guid(56cff613cbf0cd04ba04c7c307fb4139) Importer(2089858483,d624ce77472d68a35037170ec1d2d27e) (ScriptedImporter) -> (artifact id: 'ec9b28c2c5c1fcdec0a0ad7d8ef301fa') in 0.0071886 seconds
Number of updated asset objects reloaded before import = 0Number of asset objects unloaded after import = 3

========================================================================
Received Import Request.
  Time since last request: 0.000016 seconds.
  path: Assets/PT_Scripts/PT_Click_Follow_Mouse.cs
  artifactKey: Guid(a661c07f19429244992d8dfd51423b69) Importer(2089858483,d624ce77472d68a35037170ec1d2d27e)
Start importing Assets/PT_Scripts/PT_Click_Follow_Mouse.cs using Guid(a661c07f19429244992d8dfd51423b69) Importer(2089858483,d624ce77472d68a35037170ec1d2d27e) (ScriptedImporter) -> (artifact id: '804731f908b103933e3dc90f12e2dde2') in 0.0029699 seconds
Number of updated asset objects reloaded before import = 0Number of asset objects unloaded after import = 0

========================================================================
Received Import Request.
  Time since last request: 0.000118 seconds.
  path: Assets/MDXGames_Textures/Squares/Square_Grey.png
  artifactKey: Guid(7cab09b412b67cb40a1d1142826f3b9f) Importer(2089858483,d624ce77472d68a35037170ec1d2d27e)
Start importing Assets/MDXGames_Textures/Squares/Square_Grey.png using Guid(7cab09b412b67cb40a1d1142826f3b9f) Importer(2089858483,d624ce77472d68a35037170ec1d2d27e) (ScriptedImporter) -> (artifact id: '4d4cd75bb2d2fb5b3ec31e2c96430a34') in 0.0060391 seconds
Number of updated asset objects reloaded before import = 0Number of asset objects unloaded after import = 3

========================================================================
Received Import Request.
  Time since last request: 0.000014 seconds.
  path: Assets/Plugins/Android/settingsTemplate.gradle
  artifactKey: Guid(e0a9303b4bdf9b94caa6f3fa55c345e5) Importer(2089858483,d624ce77472d68a35037170ec1d2d27e)
Start importing Assets/Plugins/Android/settingsTemplate.gradle using Guid(e0a9303b4bdf9b94caa6f3fa55c345e5) Importer(2089858483,d624ce77472d68a35037170ec1d2d27e) (ScriptedImporter) -> (artifact id: '25de197632a2222a8b21133ee78c1f03') in 0.0026151 seconds
Number of updated asset objects reloaded before import = 0Number of asset objects unloaded after import = 1

========================================================================
Received Import Request.
  Time since last request: 0.000068 seconds.
  path: Assets/PT_Scripts/PT_Drag_Throw_Touch.cs
  artifactKey: Guid(6d66699abd743414e91071516cc57328) Importer(2089858483,d624ce77472d68a35037170ec1d2d27e)
Start importing Assets/PT_Scripts/PT_Drag_Throw_Touch.cs using Guid(6d66699abd743414e91071516cc57328) Importer(2089858483,d624ce77472d68a35037170ec1d2d27e) (ScriptedImporter) -> (artifact id: '5aea9b211fc0d7ce3388bb3bdf32b4ee') in 0.0035814 seconds
Number of updated asset objects reloaded before import = 0Number of asset objects unloaded after import = 0

========================================================================
Received Import Request.
  Time since last request: 0.000093 seconds.
  path: Assets/PT_Scripts/PT_ButtonTracker.cs
  artifactKey: Guid(7c6453841264a4449b6bde3f171d1530) Importer(2089858483,d624ce77472d68a35037170ec1d2d27e)
Start importing Assets/PT_Scripts/PT_ButtonTracker.cs using Guid(7c6453841264a4449b6bde3f171d1530) Importer(2089858483,d624ce77472d68a35037170ec1d2d27e) (ScriptedImporter) -> (artifact id: '2039a15d5a5d920bd28bb7a64447d9a9') in 0.0031203 seconds
Number of updated asset objects reloaded before import = 0Number of asset objects unloaded after import = 0

========================================================================
Received Import Request.
  Time since last request: 0.000134 seconds.
  path: Assets/MDXGames_Textures/Pawns/Pawn_Green.png
  artifactKey: Guid(46a50b623eb7b8e4681f5ed5bf4d3a06) Importer(2089858483,d624ce77472d68a35037170ec1d2d27e)
Start importing Assets/MDXGames_Textures/Pawns/Pawn_Green.png using Guid(46a50b623eb7b8e4681f5ed5bf4d3a06) Importer(2089858483,d624ce77472d68a35037170ec1d2d27e) (ScriptedImporter) -> (artifact id: '44c54ec590859a9a2b617b5230b01208') in 0.0068904 seconds
Number of updated asset objects reloaded before import = 0Number of asset objects unloaded after import = 3

========================================================================
Received Import Request.
  Time since last request: 17.703226 seconds.
  path: Assets/Scenes/Experiment01.unity
  artifactKey: Guid(c95a2b12f8e55af4990bfd621f71ce90) Importer(2089858483,d624ce77472d68a35037170ec1d2d27e)
Start importing Assets/Scenes/Experiment01.unity using Guid(c95a2b12f8e55af4990bfd621f71ce90) Importer(2089858483,d624ce77472d68a35037170ec1d2d27e) (ScriptedImporter) -> (artifact id: 'b322ca255e31fa045c36571e78f196ff') in 0.003005 seconds
Number of updated asset objects reloaded before import = 0Number of asset objects unloaded after import = 1

========================================================================
Received Import Request.
  Time since last request: 0.000034 seconds.
  path: Assets/Scenes/Experiment04.unity
  artifactKey: Guid(8f9fd8d42e76c5648a00e5b43b5c14c5) Importer(2089858483,d624ce77472d68a35037170ec1d2d27e)
Start importing Assets/Scenes/Experiment04.unity using Guid(8f9fd8d42e76c5648a00e5b43b5c14c5) Importer(2089858483,d624ce77472d68a35037170ec1d2d27e) (ScriptedImporter) -> (artifact id: '44b3d87a9482d8759e1478083725e8a8') in 0.0027657 seconds
Number of updated asset objects reloaded before import = 0Number of asset objects unloaded after import = 1

========================================================================
Received Import Request.
  Time since last request: 0.000055 seconds.
  path: Assets/Scenes/Experiment08.unity
  artifactKey: Guid(3dffebb577091854788a7d8c94be8acd) Importer(2089858483,d624ce77472d68a35037170ec1d2d27e)
Start importing Assets/Scenes/Experiment08.unity using Guid(3dffebb577091854788a7d8c94be8acd) Importer(2089858483,d624ce77472d68a35037170ec1d2d27e) (ScriptedImporter) -> (artifact id: 'e93650e80abaf44ade04acb191fc7c4f') in 0.0024075 seconds
Number of updated asset objects reloaded before import = 0Number of asset objects unloaded after import = 1

========================================================================
Received Prepare
Begin MonoManager ReloadAssembly
Symbol file LoadedFromMemory is not a mono symbol file
- Loaded All Assemblies, in  0.516 seconds
Refreshing native plugins compatible for Editor in 13.88 ms, found 4 plugins.
Native extension for Android target not found
Native extension for UWP target not found
Native extension for WindowsStandalone target not found
Native extension for WebGL target not found
[Package Manager] Failed to launch server process. Reason: Unity was launched with the -noUpm command-line argument
[Package Manager] Unable to send message (not connected to server process).
[Package Manager] Cannot connect to Unity Package Manager local server
[Package Manager] Failed to launch server process. Reason: Unity was launched with the -noUpm command-line argument
[Package Manager] Unable to send message (not connected to server process).
[Package Manager] Cannot connect to Unity Package Manager local server
ScheduleIndexationOnStartup MainProcess:False IndexOnStartup:True
Mono: successfully reloaded assembly
- Finished resetting the current domain, in  0.511 seconds
Domain Reload Profiling: 1023ms
	BeginReloadAssembly (159ms)
		ExecutionOrderSort (0ms)
		DisableScriptedObjects (4ms)
		BackupInstance (0ms)
		ReleaseScriptingObjects (0ms)
		CreateAndSetChildDomain (37ms)
	RebuildCommonClasses (29ms)
	RebuildNativeTypeToScriptingClass (10ms)
	initialDomainReloadingComplete (25ms)
	LoadAllAssembliesAndSetupDomain (288ms)
		LoadAssemblies (276ms)
		RebuildTransferFunctionScriptingTraits (0ms)
		AnalyzeDomain (93ms)
			TypeCache.Refresh (4ms)
				TypeCache.ScanAssembly (0ms)
			BuildScriptInfoCaches (83ms)
			ResolveRequiredComponents (2ms)
	FinalizeReload (511ms)
		ReleaseScriptCaches (0ms)
		RebuildScriptCaches (0ms)
		SetupLoadedEditorAssemblies (403ms)
			LogAssemblyErrors (0ms)
			InitializePlatformSupportModulesInManaged (10ms)
			SetLoadedEditorAssemblies (3ms)
			BeforeProcessingInitializeOnLoad (106ms)
			ProcessInitializeOnLoadAttributes (225ms)
			ProcessInitializeOnLoadMethodAttributes (50ms)
			AfterProcessingInitializeOnLoad (9ms)
			EditorAssembliesLoaded (1ms)
		ExecutionOrderSort2 (0ms)
		AwakeInstancesAfterBackupRestoration (7ms)
Refreshing native plugins compatible for Editor in 13.55 ms, found 4 plugins.
Preloading 0 native plugins for Editor in 0.00 ms.
Unloading 0 Unused Serialized files (Serialized files now loaded: 0)
Unloading 4436 unused Assets / (1.4 MB). Loaded Objects now: 4960.
Memory consumption went from 94.7 MB to 93.4 MB.
Total: 7.775600 ms (FindLiveObjects: 0.387900 ms CreateObjectMapping: 0.367900 ms MarkObjects: 5.530900 ms  DeleteObjects: 1.487400 ms)

Prepare: number of updated asset objects reloaded= 0
========================================================================
Received Prepare
Begin MonoManager ReloadAssembly
[Licensing::Client] Successfully resolved entitlement details
Symbol file LoadedFromMemory is not a mono symbol file
- Loaded All Assemblies, in  0.504 seconds
Refreshing native plugins compatible for Editor in 13.59 ms, found 4 plugins.
Native extension for Android target not found
Native extension for UWP target not found
Native extension for WindowsStandalone target not found
Native extension for WebGL target not found
[Package Manager] Failed to launch server process. Reason: Unity was launched with the -noUpm command-line argument
[Package Manager] Unable to send message (not connected to server process).
[Package Manager] Cannot connect to Unity Package Manager local server
[Package Manager] Failed to launch server process. Reason: Unity was launched with the -noUpm command-line argument
[Package Manager] Unable to send message (not connected to server process).
[Package Manager] Cannot connect to Unity Package Manager local server
ScheduleIndexationOnStartup MainProcess:False IndexOnStartup:True
Mono: successfully reloaded assembly
- Finished resetting the current domain, in  0.510 seconds
Domain Reload Profiling: 1011ms
	BeginReloadAssembly (154ms)
		ExecutionOrderSort (0ms)
		DisableScriptedObjects (5ms)
		BackupInstance (0ms)
		ReleaseScriptingObjects (0ms)
		CreateAndSetChildDomain (33ms)
	RebuildCommonClasses (27ms)
	RebuildNativeTypeToScriptingClass (10ms)
	initialDomainReloadingComplete (24ms)
	LoadAllAssembliesAndSetupDomain (285ms)
		LoadAssemblies (270ms)
		RebuildTransferFunctionScriptingTraits (0ms)
		AnalyzeDomain (90ms)
			TypeCache.Refresh (5ms)
				TypeCache.ScanAssembly (0ms)
			BuildScriptInfoCaches (81ms)
			ResolveRequiredComponents (2ms)
	FinalizeReload (511ms)
		ReleaseScriptCaches (0ms)
		RebuildScriptCaches (0ms)
		SetupLoadedEditorAssemblies (405ms)
			LogAssemblyErrors (0ms)
			InitializePlatformSupportModulesInManaged (9ms)
			SetLoadedEditorAssemblies (3ms)
			BeforeProcessingInitializeOnLoad (107ms)
			ProcessInitializeOnLoadAttributes (227ms)
			ProcessInitializeOnLoadMethodAttributes (50ms)
			AfterProcessingInitializeOnLoad (9ms)
			EditorAssembliesLoaded (0ms)
		ExecutionOrderSort2 (0ms)
		AwakeInstancesAfterBackupRestoration (6ms)
Refreshing native plugins compatible for Editor in 13.34 ms, found 4 plugins.
Preloading 0 native plugins for Editor in 0.00 ms.
Unloading 0 Unused Serialized files (Serialized files now loaded: 0)
Unloading 4435 unused Assets / (1.0 MB). Loaded Objects now: 4961.
Memory consumption went from 94.8 MB to 93.8 MB.
Total: 6.246300 ms (FindLiveObjects: 0.413300 ms CreateObjectMapping: 0.408000 ms MarkObjects: 4.564900 ms  DeleteObjects: 0.858900 ms)

Prepare: number of updated asset objects reloaded= 0
Editor requested this worker to shutdown with reason: Scaling down because of idle timeout
AssetImportWorker is now disconnected from the server
Process exiting
Exiting without the bug reporter. Application will terminate with return code 0