[Licensing::Module] Trying to connect to existing licensing client channel...
Built from '6000.3/staging' branch; Version is '6000.3.15f1 (c1aa84e375f6) revision 12692100'; Using compiler version '194234433'; Build Type 'Release'
[Licensing::IpcConnector] Successfully connected to: "LicenseClient-penda" at "2026-09-08T16:27:58.921954Z"
OS: 'Windows 11  (10.0.26200) Core' Language: 'en' Physical Memory: 32346 MB
BatchMode: 1, IsHumanControllingUs: 0, StartBugReporterOnCrash: 0, Is64bit: 1
System  architecture: x64
Process architecture: x64
Date: 2026-09-08T16:27:58Z

COMMAND LINE ARGUMENTS:
C:\Program Files\Unity\Hub\Editor\6000.3.15f1\Editor\Unity.exe
-adb2
-batchMode
-noUpm
-name
AssetImportWorker0
-projectPath
C:/Users/penda/Documents/GitHub/Cross_Platform_Second_Year/04 Choice Slide
-logFile
Logs/AssetImportWorker0.log
-srvPort
50463
-licensingIpc
LicenseClient-penda
-job-worker-count
7
-background-job-worker-count
8
-gc-helper-count
1
-name
AssetImport
Successfully changed project path to: C:/Users/penda/Documents/GitHub/Cross_Platform_Second_Year/04 Choice Slide
C:/Users/penda/Documents/GitHub/Cross_Platform_Second_Year/04 Choice Slide
[UnityMemory] Configuration Parameters - Can be set up in boot.config
    "memorysetup-temp-allocator-size-nav-mesh-worker=65536"
    "memorysetup-temp-allocator-size-audio-worker=65536"
    "memorysetup-temp-allocator-size-gfx=262144"
    "memorysetup-allocator-temp-initial-block-size-main=262144"
    "memorysetup-allocator-temp-initial-block-size-worker=262144"
    "memorysetup-temp-allocator-size-background-worker=32768"
    "memorysetup-temp-allocator-size-job-worker=262144"
    "memorysetup-temp-allocator-size-preload-manager=33554432"
    "memorysetup-temp-allocator-size-gi-baking-worker=262144"
    "memorysetup-temp-allocator-size-gi-baking-worker=262144"
    "memorysetup-temp-allocator-size-gi-baking-worker=262144"
    "memorysetup-temp-allocator-size-gi-baking-worker=262144"
    "memorysetup-temp-allocator-size-gi-baking-worker=262144"
    "memorysetup-bucket-allocator-granularity=16"
    "memorysetup-bucket-allocator-bucket-count=8"
    "memorysetup-bucket-allocator-block-size=33554432"
    "memorysetup-bucket-allocator-block-count=8"
    "memorysetup-main-allocator-block-size=16777216"
    "memorysetup-thread-allocator-block-size=16777216"
    "memorysetup-gfx-main-allocator-block-size=16777216"
    "memorysetup-gfx-thread-allocator-block-size=16777216"
    "memorysetup-cache-allocator-block-size=4194304"
    "memorysetup-typetree-allocator-block-size=2097152"
    "memorysetup-profiler-bucket-allocator-granularity=16"
    "memorysetup-profiler-bucket-allocator-bucket-count=8"
    "memorysetup-profiler-bucket-allocator-block-size=33554432"
    "memorysetup-profiler-bucket-allocator-block-count=8"
    "memorysetup-profiler-allocator-block-size=16777216"
    "memorysetup-profiler-editor-allocator-block-size=1048576"
    "memorysetup-temp-allocator-size-main=16777216"
    "memorysetup-job-temp-allocator-block-size=2097152"
    "memorysetup-job-temp-allocator-block-size-background=1048576"
    "memorysetup-job-temp-allocator-reduction-small-platforms=262144"
    "memorysetup-temp-allocator-size-cloud-worker=32768"
Player connection [34696]  Target information:

Player connection [34696]  * "[IP] 192.168.0.17 [Port] 0 [Flags] 2 [Guid] 4259593716 [EditorId] 4259593716 [Version] 1048832 [Id] WindowsEditor(7,BigLug) [Debug] 1 [PackageName] WindowsEditor [ProjectName] Editor" 

Player connection [34696] Host joined multi-casting on [225.0.0.222:54997]...
Player connection [34696] Host joined alternative multi-casting on [225.0.0.222:34997]...
JobSystem: Creating JobQueue using job-worker-count value 7
Input System module state changed to: Initialized.
[Physics::Module] Initialized fallback backend.
[Physics::Module] Id: 0xdecafbad
Library Redirect Path: Library/
[Physics::Module] Selected backend.
[Physics::Module] Name: PhysX
[Physics::Module] Id: 0xf2b8ea05
[Physics::Module] SDK Version: 4.1.2
[Physics::Module] Integration Version: 1.0.0
[Physics::Module] Threading Mode: Multi-Threaded
Refreshing native plugins compatible for Editor in 3.99 ms, found 5 plugins.
Preloading 0 native plugins for Editor in 0.00 ms.
Initialize engine version: 6000.3.15f1 (c1aa84e375f6)
[Subsystems] Discovering subsystems at path C:/Program Files/Unity/Hub/Editor/6000.3.15f1/Editor/Data/Resources/UnitySubsystems
[Subsystems] Discovering subsystems at path C:/Users/penda/Documents/GitHub/Cross_Platform_Second_Year/04 Choice Slide/Assets
GfxDevice: creating device client; kGfxThreadingModeNonThreaded
Direct3D:
    Version:  Direct3D 11.0 [level 11.1]
    Renderer: NVIDIA GeForce RTX 5070 (ID=0x2f04)
    Vendor:   NVIDIA
    VRAM:     11943 MB
    Driver:   32.0.16.1047
Initialize mono
Mono path[0] = 'C:/Program Files/Unity/Hub/Editor/6000.3.15f1/Editor/Data/Managed'
Mono path[1] = 'C:/Program Files/Unity/Hub/Editor/6000.3.15f1/Editor/Data/MonoBleedingEdge/lib/mono/unityjit-win32'
Mono config path = 'C:/Program Files/Unity/Hub/Editor/6000.3.15f1/Editor/Data/MonoBleedingEdge/etc'
Using monoOptions --debugger-agent=transport=dt_socket,embedding=1,server=y,suspend=n,address=127.0.0.1:56428
Begin MonoManager ReloadAssembly
Registering precompiled unity dll's ...
Register platform support module: C:/Program Files/Unity/Hub/Editor/6000.3.15f1/Editor/Data/PlaybackEngines/WebGLSupport/UnityEditor.WebGL.Extensions.dll
Register platform support module: C:/Program Files/Unity/Hub/Editor/6000.3.15f1/Editor/Data/PlaybackEngines/WindowsStandaloneSupport/UnityEditor.WindowsStandalone.Extensions.dll
[Licensing::Module] Licensing is not yet initialized.
[Licensing::Client] Error: HandshakeResponse reported an error:
	ResponseCode: 505
	ResponseStatus: Unsupported protocol version '1.18.1'.
[Licensing::Module] Error: Failed to handshake to channel: "LicenseClient-penda"
[Licensing::IpcConnector] LicenseClient-penda channel disconnected successfully.
[Licensing::IpcConnector] Successfully connected to: "LicenseClient-penda-6000.3.15" at "2026-09-08T16:27:59.9299931Z"
[Licensing::Client] Code 10 while verifying Licensing Client signature (process Id: 37868, path: "C:/Program Files/Unity/Hub/Editor/6000.3.15f1/Editor/Data/Resources/Licensing/Client/Unity.Licensing.Client.exe")
[Licensing::Module] LicensingClient has failed validation; ignoring
[Licensing::Client] Handshaking with LicensingClient:
  Version:                 1.18.1+9fbee8e
  Session Id:              41ba6d63998747f38d33bebe54e48d6e
  Correlation Id:          7f9b52b097b5d13074fc24cce7bf58b5
  External correlation Id: 5441554133364653836
  Machine Id:              l/GpJj1ofgx/kXnalUV5UWkiK00=
[Licensing::Module] Successfully connected to LicensingClient on channel: "LicenseClient-penda-6000.3.15" (connect: 0.00s, validation: 0.00s, handshake: 0.00s)
[Licensing::IpcConnector] Successfully connected to: "LicenseClient-penda-6000.3.15-notifications" at "2026-09-08T16:27:59.9361234Z"
[Licensing::Module] Licensing Background thread has ended after 1.01s
[Licensing::Module] Licensing is initialized (took 0.40s).
[Licensing::Client] Successfully resolved entitlement details
[Licensing::Module] License group:
  Id: 135508-UnityPersXXXX
  Product: Unity Personal
  Type: Assigned
  Expiration: Unlimited
Register platform support module: C:/Program Files/Unity/Hub/Editor/6000.3.15f1/Editor/Data/PlaybackEngines/MetroSupport/UnityEditor.UWP.Extensions.dll
[Licensing::Client] Successfully resolved entitlement details
Register platform support module: C:/Program Files/Unity/Hub/Editor/6000.3.15f1/Editor/Data/PlaybackEngines/AndroidPlayer/UnityEditor.Android.Extensions.dll
Registered in 0.405791 seconds.
- Loaded All Assemblies, in  0.739 seconds
Native extension for Android target not found
Native extension for UWP target not found
Native extension for WindowsStandalone target not found
Native extension for WebGL target not found
Package Manager log level set to [2]
[Package Manager] Failed to launch server process. Reason: Unity was launched with the -noUpm command-line argument
[Package Manager] Unable to send message (not connected to server process).
[Package Manager] Cannot connect to Unity Package Manager local server
ScheduleIndexationOnStartup MainProcess:False IndexOnStartup:False
Mono: successfully reloaded assembly
- Finished resetting the current domain, in  0.281 seconds
Domain Reload Profiling: 1017ms
	BeginReloadAssembly (104ms)
		ExecutionOrderSort (0ms)
		DisableScriptedObjects (0ms)
		BackupInstance (0ms)
		ReleaseScriptingObjects (0ms)
		CreateAndSetChildDomain (1ms)
	RebuildCommonClasses (28ms)
	RebuildNativeTypeToScriptingClass (10ms)
	initialDomainReloadingComplete (441ms)
	LoadAllAssembliesAndSetupDomain (153ms)
		LoadAssemblies (102ms)
		RebuildTransferFunctionScriptingTraits (0ms)
		AnalyzeDomain (149ms)
			TypeCache.Refresh (148ms)
				TypeCache.ScanAssembly (138ms)
			BuildScriptInfoCaches (0ms)
			ResolveRequiredComponents (0ms)
	FinalizeReload (281ms)
		ReleaseScriptCaches (0ms)
		RebuildScriptCaches (0ms)
		SetupLoadedEditorAssemblies (247ms)
			LogAssemblyErrors (0ms)
			InitializePlatformSupportModulesInManaged (43ms)
			SetLoadedEditorAssemblies (3ms)
			BeforeProcessingInitializeOnLoad (57ms)
			ProcessInitializeOnLoadAttributes (92ms)
			ProcessInitializeOnLoadMethodAttributes (52ms)
			AfterProcessingInitializeOnLoad (0ms)
			EditorAssembliesLoaded (0ms)
		ExecutionOrderSort2 (0ms)
		AwakeInstancesAfterBackupRestoration (0ms)
========================================================================
Worker process is ready to serve import requests
Import Worker Mode flag is 0x00
Begin MonoManager ReloadAssembly
[Licensing::Client] Successfully resolved entitlement details
- Loaded All Assemblies, in  0.652 seconds
Refreshing native plugins compatible for Editor in 1.95 ms, found 5 plugins.
Native extension for Android target not found
Native extension for UWP target not found
Native extension for WindowsStandalone target not found
Native extension for WebGL target not found
[Package Manager] Failed to launch server process. Reason: Unity was launched with the -noUpm command-line argument
[Package Manager] Unable to send message (not connected to server process).
[Package Manager] Cannot connect to Unity Package Manager local server
Refreshing native plugins compatible for Editor in 3.19 ms, found 5 plugins.
[Package Manager] Failed to launch server process. Reason: Unity was launched with the -noUpm command-line argument
[Package Manager] Unable to send message (not connected to server process).
[Package Manager] Cannot connect to Unity Package Manager local server
ScheduleIndexationOnStartup MainProcess:False IndexOnStartup:False
Mono: successfully reloaded assembly
- Finished resetting the current domain, in  0.625 seconds
Domain Reload Profiling: 1271ms
	BeginReloadAssembly (136ms)
		ExecutionOrderSort (0ms)
		DisableScriptedObjects (3ms)
		BackupInstance (0ms)
		ReleaseScriptingObjects (0ms)
		CreateAndSetChildDomain (25ms)
	RebuildCommonClasses (26ms)
	RebuildNativeTypeToScriptingClass (9ms)
	initialDomainReloadingComplete (30ms)
	LoadAllAssembliesAndSetupDomain (445ms)
		LoadAssemblies (318ms)
		RebuildTransferFunctionScriptingTraits (0ms)
		AnalyzeDomain (201ms)
			TypeCache.Refresh (132ms)
				TypeCache.ScanAssembly (118ms)
			BuildScriptInfoCaches (59ms)
			ResolveRequiredComponents (7ms)
	FinalizeReload (625ms)
		ReleaseScriptCaches (0ms)
		RebuildScriptCaches (0ms)
		SetupLoadedEditorAssemblies (517ms)
			LogAssemblyErrors (0ms)
			InitializePlatformSupportModulesInManaged (6ms)
			SetLoadedEditorAssemblies (3ms)
			BeforeProcessingInitializeOnLoad (115ms)
			ProcessInitializeOnLoadAttributes (265ms)
			ProcessInitializeOnLoadMethodAttributes (118ms)
			AfterProcessingInitializeOnLoad (10ms)
			EditorAssembliesLoaded (0ms)
		ExecutionOrderSort2 (0ms)
		AwakeInstancesAfterBackupRestoration (7ms)
Launched and connected shader compiler UnityShaderCompiler.exe after 0.01 seconds
Refreshing native plugins compatible for Editor in 2.16 ms, found 5 plugins.
Preloading 0 native plugins for Editor in 0.00 ms.
Unloading 16 Unused Serialized files (Serialized files now loaded: 0)
Unloading 6807 unused Assets / (4.5 MB). Loaded Objects now: 7596.
Memory consumption went from 158.4 MB to 153.8 MB.
Total: 8.685900 ms (FindLiveObjects: 0.958600 ms CreateObjectMapping: 0.783100 ms MarkObjects: 4.691100 ms  DeleteObjects: 2.252100 ms)

========================================================================
Received Import Request.
  Time since last request: 248339.944189 seconds.
  path: Assets/UniversalRenderPipelineGlobalSettings.asset
  artifactKey: Guid(782a6e2c3f5581242ab97689254940d8) Importer(815301076,1909f56bfc062723c751e8b465ee728b)
Start importing Assets/UniversalRenderPipelineGlobalSettings.asset using Guid(782a6e2c3f5581242ab97689254940d8) Importer(815301076,1909f56bfc062723c751e8b465ee728b) (PreviewImporter) -> (artifact id: '385497763711f6538d55dd6c7de68daa') in 0.0164775 seconds
Number of updated asset objects reloaded before import = 0Number of asset objects unloaded after import = 0

========================================================================
Received Prepare
Refreshing native plugins compatible for Editor in 2.75 ms, found 5 plugins.
Preloading 0 native plugins for Editor in 0.00 ms.
Unloading 16 Unused Serialized files (Serialized files now loaded: 0)
Unloading 16 unused Assets / (1.7 MB). Loaded Objects now: 7599.
Memory consumption went from 151.9 MB to 150.2 MB.
Total: 6.360500 ms (FindLiveObjects: 0.863700 ms CreateObjectMapping: 0.177200 ms MarkObjects: 4.888900 ms  DeleteObjects: 0.429500 ms)

Prepare: number of updated asset objects reloaded= 6
========================================================================
Received Import Request.
  Time since last request: 9.542309 seconds.
  path: Assets/DefaultVolumeProfile.asset
  artifactKey: Guid(2511077d9f298d547bfff3ae900924f8) Importer(2089858483,b0f066a214c2f5e87bad3c948f4d605d)
Start importing Assets/DefaultVolumeProfile.asset using Guid(2511077d9f298d547bfff3ae900924f8) Importer(2089858483,b0f066a214c2f5e87bad3c948f4d605d) (ScriptedImporter) -> (artifact id: '656e2c3d63f1283b068ed74eea1b17d2') in 0.0738682 seconds
Number of updated asset objects reloaded before import = 0Number of asset objects unloaded after import = 0

========================================================================
Received Import Request.
  Time since last request: 0.000022 seconds.
  path: Assets/MDXGames_Textures/Circles/Circle_Purple.png
  artifactKey: Guid(3ed48a5c408cd024db780ef6ad9cffa3) Importer(2089858483,b0f066a214c2f5e87bad3c948f4d605d)
Start importing Assets/MDXGames_Textures/Circles/Circle_Purple.png using Guid(3ed48a5c408cd024db780ef6ad9cffa3) Importer(2089858483,b0f066a214c2f5e87bad3c948f4d605d) (ScriptedImporter) -> (artifact id: '4c7e31cda1c00a67a4ea232a96d46c6b') in 0.0690254 seconds
Number of updated asset objects reloaded before import = 0Number of asset objects unloaded after import = 3

========================================================================
Received Import Request.
  Time since last request: 0.000019 seconds.
  path: Assets/Settings/Lit2DSceneTemplate.scenetemplate
  artifactKey: Guid(d03ed43fc9d8a4f2e9fa70c1c7916eb9) Importer(2089858483,b0f066a214c2f5e87bad3c948f4d605d)
Start importing Assets/Settings/Lit2DSceneTemplate.scenetemplate using Guid(d03ed43fc9d8a4f2e9fa70c1c7916eb9) Importer(2089858483,b0f066a214c2f5e87bad3c948f4d605d) (ScriptedImporter) -> (artifact id: '02612dfbf8df2de52a5d450ea3ebb528') in 0.046513 seconds
Number of updated asset objects reloaded before import = 0Number of asset objects unloaded after import = 3

========================================================================
Received Import Request.
  Time since last request: 0.000028 seconds.
  path: Assets/MDXGames_Textures/Squares/square_cross_green.png
  artifactKey: Guid(833f24041e23f884d8e00a099e93ee33) Importer(2089858483,b0f066a214c2f5e87bad3c948f4d605d)
Start importing Assets/MDXGames_Textures/Squares/square_cross_green.png using Guid(833f24041e23f884d8e00a099e93ee33) Importer(2089858483,b0f066a214c2f5e87bad3c948f4d605d) (ScriptedImporter) -> (artifact id: '9cdc66f7f66d8450fc256e9dee6bf600') in 0.0083236 seconds
Number of updated asset objects reloaded before import = 0Number of asset objects unloaded after import = 3

========================================================================
Received Import Request.
  Time since last request: 0.000017 seconds.
  path: Assets/MDXGames_Textures/Triangles/Triangle_Green.png
  artifactKey: Guid(293ad5e65121e124fbfa8e11eaa4b2aa) Importer(2089858483,b0f066a214c2f5e87bad3c948f4d605d)
Start importing Assets/MDXGames_Textures/Triangles/Triangle_Green.png using Guid(293ad5e65121e124fbfa8e11eaa4b2aa) Importer(2089858483,b0f066a214c2f5e87bad3c948f4d605d) (ScriptedImporter) -> (artifact id: '95e396ec727e99f3a48aa49be9f4fc38') in 0.0076219 seconds
Number of updated asset objects reloaded before import = 0Number of asset objects unloaded after import = 3

========================================================================
Received Import Request.
  Time since last request: 0.000016 seconds.
  path: Assets/MDXGames_Textures/Triangles/Triangle_Red.png
  artifactKey: Guid(a0cb563365bdd9d45a8438cfca2ad9d8) Importer(2089858483,b0f066a214c2f5e87bad3c948f4d605d)
Start importing Assets/MDXGames_Textures/Triangles/Triangle_Red.png using Guid(a0cb563365bdd9d45a8438cfca2ad9d8) Importer(2089858483,b0f066a214c2f5e87bad3c948f4d605d) (ScriptedImporter) -> (artifact id: 'ab40a728e92431dd7d0847a258f4aca1') in 0.0074605 seconds
Number of updated asset objects reloaded before import = 0Number of asset objects unloaded after import = 3

========================================================================
Received Import Request.
  Time since last request: 0.000019 seconds.
  path: Assets/MDXGames_Textures/Squares/square_cross_yellow.png
  artifactKey: Guid(6af4d1a6fbb5ba14ab46724e904a9b67) Importer(2089858483,b0f066a214c2f5e87bad3c948f4d605d)
Start importing Assets/MDXGames_Textures/Squares/square_cross_yellow.png using Guid(6af4d1a6fbb5ba14ab46724e904a9b67) Importer(2089858483,b0f066a214c2f5e87bad3c948f4d605d) (ScriptedImporter) -> (artifact id: '5a6596765357a62c9e1cd66772f6be56') in 0.0077402 seconds
Number of updated asset objects reloaded before import = 0Number of asset objects unloaded after import = 3

========================================================================
Received Import Request.
  Time since last request: 0.000024 seconds.
  path: Assets/MDXGames_Textures/Stars/Star_Purple.png
  artifactKey: Guid(65909e79f7d46b947a3600bdd592a30a) Importer(2089858483,b0f066a214c2f5e87bad3c948f4d605d)
Start importing Assets/MDXGames_Textures/Stars/Star_Purple.png using Guid(65909e79f7d46b947a3600bdd592a30a) Importer(2089858483,b0f066a214c2f5e87bad3c948f4d605d) (ScriptedImporter) -> (artifact id: '66ac83a5e2cda5406d60cade51bd69bd') in 0.0085636 seconds
Number of updated asset objects reloaded before import = 0Number of asset objects unloaded after import = 3

========================================================================
Received Import Request.
  Time since last request: 0.000030 seconds.
  path: Assets/MDXGames_Textures/Circles/Circle_Red.png
  artifactKey: Guid(457e68d64c6020c4fb9efee91a25b378) Importer(2089858483,b0f066a214c2f5e87bad3c948f4d605d)
Start importing Assets/MDXGames_Textures/Circles/Circle_Red.png using Guid(457e68d64c6020c4fb9efee91a25b378) Importer(2089858483,b0f066a214c2f5e87bad3c948f4d605d) (ScriptedImporter) -> (artifact id: '82285510b07e73c35d63747ec4fc5edf') in 0.0065541 seconds
Number of updated asset objects reloaded before import = 0Number of asset objects unloaded after import = 3

========================================================================
Received Import Request.
  Time since last request: 0.000017 seconds.
  path: Assets/MDXGames_Textures/Triangles/Triangle_Purple.png
  artifactKey: Guid(6522b6246144ed2408f9e1de218ce9b7) Importer(2089858483,b0f066a214c2f5e87bad3c948f4d605d)
Start importing Assets/MDXGames_Textures/Triangles/Triangle_Purple.png using Guid(6522b6246144ed2408f9e1de218ce9b7) Importer(2089858483,b0f066a214c2f5e87bad3c948f4d605d) (ScriptedImporter) -> (artifact id: 'aafb62bd69e057f453f0fb3b9c3cbf14') in 0.0095408 seconds
Number of updated asset objects reloaded before import = 0Number of asset objects unloaded after import = 3

========================================================================
Received Import Request.
  Time since last request: 0.000017 seconds.
  path: Assets/MDXGames_Textures/Squares/Square_Purple.png
  artifactKey: Guid(56cff613cbf0cd04ba04c7c307fb4139) Importer(2089858483,b0f066a214c2f5e87bad3c948f4d605d)
Start importing Assets/MDXGames_Textures/Squares/Square_Purple.png using Guid(56cff613cbf0cd04ba04c7c307fb4139) Importer(2089858483,b0f066a214c2f5e87bad3c948f4d605d) (ScriptedImporter) -> (artifact id: '7e8cfac3b5d47fa859071a08e651c6eb') in 0.0094308 seconds
Number of updated asset objects reloaded before import = 0Number of asset objects unloaded after import = 3

========================================================================
Received Import Request.
  Time since last request: 0.000016 seconds.
  path: Assets/MDXGames_Textures/Circles/Circle_Green.png
  artifactKey: Guid(4609bef58f71c6a4f90694493eb095b0) Importer(2089858483,b0f066a214c2f5e87bad3c948f4d605d)
Start importing Assets/MDXGames_Textures/Circles/Circle_Green.png using Guid(4609bef58f71c6a4f90694493eb095b0) Importer(2089858483,b0f066a214c2f5e87bad3c948f4d605d) (ScriptedImporter) -> (artifact id: 'fe5cfc0150dd6d190e6ba8f856a38884') in 0.0092558 seconds
Number of updated asset objects reloaded before import = 0Number of asset objects unloaded after import = 3

========================================================================
Received Import Request.
  Time since last request: 0.000022 seconds.
  path: Assets/MDXGames_Textures/Triangles/Triangle_Grey.png
  artifactKey: Guid(82c6884b74bc60943afd8f64b558ad0d) Importer(2089858483,b0f066a214c2f5e87bad3c948f4d605d)
Start importing Assets/MDXGames_Textures/Triangles/Triangle_Grey.png using Guid(82c6884b74bc60943afd8f64b558ad0d) Importer(2089858483,b0f066a214c2f5e87bad3c948f4d605d) (ScriptedImporter) -> (artifact id: 'ad52022c7852868d4de0017815e6d47a') in 0.0066633 seconds
Number of updated asset objects reloaded before import = 0Number of asset objects unloaded after import = 3

========================================================================
Received Import Request.
  Time since last request: 0.000027 seconds.
  path: Assets/MDXGames_Textures/Circles/Circle_Blue.png
  artifactKey: Guid(42aa25202d70af54b87be1da7d02f7d9) Importer(2089858483,b0f066a214c2f5e87bad3c948f4d605d)
Start importing Assets/MDXGames_Textures/Circles/Circle_Blue.png using Guid(42aa25202d70af54b87be1da7d02f7d9) Importer(2089858483,b0f066a214c2f5e87bad3c948f4d605d) (ScriptedImporter) -> (artifact id: 'd2af8fc59cbdf5d649185198318e3b66') in 0.0058577 seconds
Number of updated asset objects reloaded before import = 0Number of asset objects unloaded after import = 3

========================================================================
Received Import Request.
  Time since last request: 0.000015 seconds.
  path: Assets/MDXGames_Textures/_Grids/Grid_2000_1000.png
  artifactKey: Guid(58295bb630054124f8fb8a20cb1c5518) Importer(2089858483,b0f066a214c2f5e87bad3c948f4d605d)
Start importing Assets/MDXGames_Textures/_Grids/Grid_2000_1000.png using Guid(58295bb630054124f8fb8a20cb1c5518) Importer(2089858483,b0f066a214c2f5e87bad3c948f4d605d) (ScriptedImporter) -> (artifact id: 'e71d11e4b39d853a1d2e5fbc9fb8118a') in 0.0066597 seconds
Number of updated asset objects reloaded before import = 0Number of asset objects unloaded after import = 3

========================================================================
Received Import Request.
  Time since last request: 0.000019 seconds.
  path: Assets/MDXGames_Textures/Pawns/Pawn_Yellow.png
  artifactKey: Guid(c3c8b52e505e8524d848292e841dd73a) Importer(2089858483,b0f066a214c2f5e87bad3c948f4d605d)
Start importing Assets/MDXGames_Textures/Pawns/Pawn_Yellow.png using Guid(c3c8b52e505e8524d848292e841dd73a) Importer(2089858483,b0f066a214c2f5e87bad3c948f4d605d) (ScriptedImporter) -> (artifact id: 'e90bd5f043d979cfd39bd816fa15a88b') in 0.0094575 seconds
Number of updated asset objects reloaded before import = 0Number of asset objects unloaded after import = 3

========================================================================
Received Import Request.
  Time since last request: 0.000015 seconds.
  path: Assets/MDXGames_Textures/Pawns/Pawn_Purple.png
  artifactKey: Guid(ada152ccdca0e7b43893bb1f2e36af16) Importer(2089858483,b0f066a214c2f5e87bad3c948f4d605d)
Start importing Assets/MDXGames_Textures/Pawns/Pawn_Purple.png using Guid(ada152ccdca0e7b43893bb1f2e36af16) Importer(2089858483,b0f066a214c2f5e87bad3c948f4d605d) (ScriptedImporter) -> (artifact id: '00ca61d2e2604f5a75a5d5316705fe61') in 0.0085531 seconds
Number of updated asset objects reloaded before import = 0Number of asset objects unloaded after import = 3

========================================================================
Received Import Request.
  Time since last request: 0.000024 seconds.
  path: Assets/MDXGames_Textures/Pawns/Pawn_Red.png
  artifactKey: Guid(3fa9c49e2e4025b49ab8470f011a5b5c) Importer(2089858483,b0f066a214c2f5e87bad3c948f4d605d)
Start importing Assets/MDXGames_Textures/Pawns/Pawn_Red.png using Guid(3fa9c49e2e4025b49ab8470f011a5b5c) Importer(2089858483,b0f066a214c2f5e87bad3c948f4d605d) (ScriptedImporter) -> (artifact id: 'f9533da92c9856e541b33c54b1fc4de9') in 0.0080063 seconds
Number of updated asset objects reloaded before import = 0Number of asset objects unloaded after import = 3

========================================================================
Received Import Request.
  Time since last request: 0.000034 seconds.
  path: Assets/Settings/Renderer2D.asset
  artifactKey: Guid(424799608f7334c24bf367e4bbfa7f9a) Importer(2089858483,b0f066a214c2f5e87bad3c948f4d605d)
Start importing Assets/Settings/Renderer2D.asset using Guid(424799608f7334c24bf367e4bbfa7f9a) Importer(2089858483,b0f066a214c2f5e87bad3c948f4d605d) (ScriptedImporter) -> (artifact id: '8468c2ca65e504f9dbcab164ca5c5536') in 0.0229541 seconds
Number of updated asset objects reloaded before import = 0Number of asset objects unloaded after import = 1

========================================================================
Received Import Request.
  Time since last request: 0.000014 seconds.
  path: Assets/MDXGames_Textures/Squares/Square_Blue.png
  artifactKey: Guid(973c24f1ef3874548859fbe67fc14a73) Importer(2089858483,b0f066a214c2f5e87bad3c948f4d605d)
Start importing Assets/MDXGames_Textures/Squares/Square_Blue.png using Guid(973c24f1ef3874548859fbe67fc14a73) Importer(2089858483,b0f066a214c2f5e87bad3c948f4d605d) (ScriptedImporter) -> (artifact id: 'd21d7858ced1153d24fa2e512317299f') in 0.0080066 seconds
Number of updated asset objects reloaded before import = 0Number of asset objects unloaded after import = 3

========================================================================
Received Import Request.
  Time since last request: 0.000023 seconds.
  path: Assets/MDXGames_Textures/Squares/Square_Yellow.png
  artifactKey: Guid(4f4dd7bed8829504d8a63373e2b18454) Importer(2089858483,b0f066a214c2f5e87bad3c948f4d605d)
Start importing Assets/MDXGames_Textures/Squares/Square_Yellow.png using Guid(4f4dd7bed8829504d8a63373e2b18454) Importer(2089858483,b0f066a214c2f5e87bad3c948f4d605d) (ScriptedImporter) -> (artifact id: '01ea6bd10a2494dc9b9e1e5993efedaa') in 0.0083001 seconds
Number of updated asset objects reloaded before import = 0Number of asset objects unloaded after import = 3

========================================================================
Received Import Request.
  Time since last request: 0.000018 seconds.
  path: Assets/MDXGames_Textures/Squares/Square_Green.png
  artifactKey: Guid(188114a694d47a6428cda68ce4b76c71) Importer(2089858483,b0f066a214c2f5e87bad3c948f4d605d)
Start importing Assets/MDXGames_Textures/Squares/Square_Green.png using Guid(188114a694d47a6428cda68ce4b76c71) Importer(2089858483,b0f066a214c2f5e87bad3c948f4d605d) (ScriptedImporter) -> (artifact id: '0c1fd3b62a6a7b08841ea5552d62c75e') in 0.006987 seconds
Number of updated asset objects reloaded before import = 0Number of asset objects unloaded after import = 3

========================================================================
Received Import Request.
  Time since last request: 0.000019 seconds.
  path: Assets/MDXGames_Textures/Squares/Square_Red.png
  artifactKey: Guid(a05aa3b2a3a699444918772aad7f1345) Importer(2089858483,b0f066a214c2f5e87bad3c948f4d605d)
Start importing Assets/MDXGames_Textures/Squares/Square_Red.png using Guid(a05aa3b2a3a699444918772aad7f1345) Importer(2089858483,b0f066a214c2f5e87bad3c948f4d605d) (ScriptedImporter) -> (artifact id: 'c1b6ca054e0b84a03929608089294cbf') in 0.0074983 seconds
Number of updated asset objects reloaded before import = 0Number of asset objects unloaded after import = 3

========================================================================
Received Import Request.
  Time since last request: 0.000025 seconds.
  path: Assets/Scripts/CardStateMachine.cs
  artifactKey: Guid(2988ebc9b19227c4792ffb79cb1862ba) Importer(2089858483,b0f066a214c2f5e87bad3c948f4d605d)
Start importing Assets/Scripts/CardStateMachine.cs using Guid(2988ebc9b19227c4792ffb79cb1862ba) Importer(2089858483,b0f066a214c2f5e87bad3c948f4d605d) (ScriptedImporter) -> (artifact id: 'fdeea7bab1a113eddfb57e768e8fe5cc') in 0.0035992 seconds
Number of updated asset objects reloaded before import = 0Number of asset objects unloaded after import = 0

Editor requested this worker to shutdown with reason: Scaling down because of idle timeout
AssetImportWorker is now disconnected from the server
Process exiting
Exiting without the bug reporter. Application will terminate with return code 0