[UnityConnectServicesConfig] Local config successfully read: "C:/ProgramData/Unity/config/services-config.json"
[UnityConnectServicesConfig] Service configuration:
    "servicesConfigBaseUrl": "",
    "disableServicesWindow": false,
    "disableUserLogin": false,
    "entitlementCacheTimeoutInSeconds": 60,
    "clientConnectTimeoutSec": 60,
    "clientHandshakeTimeoutSec": 30,
    "clientResolveEntitlementsTimeoutSec": 30,
    "clientUpdateLicenseTimeoutSec": 30,
    "licensingServiceBaseUrl": "",
    "enableProxyAutoconfig": "false"

[Licensing::Module] Trying to connect to existing licensing client channel...
[Licensing::IpcConnector] Successfully connected to: "LicenseClient-penda" at "2026-09-07T10:19:07.428347Z"
Built from '6000.3/staging' branch; Version is '6000.3.15f1 (c1aa84e375f6) revision 12692100'; Using compiler version '194234433'; Build Type 'Release'
OS: 'Windows 11  (10.0.26200) Enterprise' Language: 'en' Physical Memory: 65253 MB
BatchMode: 1, IsHumanControllingUs: 0, StartBugReporterOnCrash: 0, Is64bit: 1
System  architecture: x64
Process architecture: x64
Date: 2026-09-07T10:19:07Z

COMMAND LINE ARGUMENTS:
C:\Program Files\Unity\Hub\Editor\6000.3.15f1\Editor\Unity.exe
-adb2
-batchMode
-noUpm
-name
AssetImportWorker1
-projectPath
D:/penda/unity/Cross_Platform_Second_Year/01Base
-logFile
Logs/AssetImportWorker1.log
-srvPort
58623
-licensingIpc
LicenseClient-penda
-job-worker-count
15
-background-job-worker-count
8
-gc-helper-count
1
-name
AssetImport
Successfully changed project path to: D:/penda/unity/Cross_Platform_Second_Year/01Base
D:/penda/unity/Cross_Platform_Second_Year/01Base
[UnityMemory] Configuration Parameters - Can be set up in boot.config
    "memorysetup-temp-allocator-size-nav-mesh-worker=65536"
    "memorysetup-temp-allocator-size-audio-worker=65536"
    "memorysetup-temp-allocator-size-gfx=262144"
    "memorysetup-allocator-temp-initial-block-size-main=262144"
    "memorysetup-allocator-temp-initial-block-size-worker=262144"
    "memorysetup-temp-allocator-size-background-worker=32768"
    "memorysetup-temp-allocator-size-job-worker=262144"
    "memorysetup-temp-allocator-size-preload-manager=33554432"
    "memorysetup-temp-allocator-size-gi-baking-worker=262144"
    "memorysetup-temp-allocator-size-gi-baking-worker=262144"
    "memorysetup-temp-allocator-size-gi-baking-worker=262144"
    "memorysetup-temp-allocator-size-gi-baking-worker=262144"
    "memorysetup-temp-allocator-size-gi-baking-worker=262144"
    "memorysetup-bucket-allocator-granularity=16"
    "memorysetup-bucket-allocator-bucket-count=8"
    "memorysetup-bucket-allocator-block-size=33554432"
    "memorysetup-bucket-allocator-block-count=8"
    "memorysetup-main-allocator-block-size=16777216"
    "memorysetup-thread-allocator-block-size=16777216"
    "memorysetup-gfx-main-allocator-block-size=16777216"
    "memorysetup-gfx-thread-allocator-block-size=16777216"
    "memorysetup-cache-allocator-block-size=4194304"
    "memorysetup-typetree-allocator-block-size=2097152"
    "memorysetup-profiler-bucket-allocator-granularity=16"
    "memorysetup-profiler-bucket-allocator-bucket-count=8"
    "memorysetup-profiler-bucket-allocator-block-size=33554432"
    "memorysetup-profiler-bucket-allocator-block-count=8"
    "memorysetup-profiler-allocator-block-size=16777216"
    "memorysetup-profiler-editor-allocator-block-size=1048576"
    "memorysetup-temp-allocator-size-main=16777216"
    "memorysetup-job-temp-allocator-block-size=2097152"
    "memorysetup-job-temp-allocator-block-size-background=1048576"
    "memorysetup-job-temp-allocator-reduction-small-platforms=262144"
    "memorysetup-temp-allocator-size-cloud-worker=32768"
Player connection [36824]  Target information:

Player connection [36824]  * "[IP] 192.168.2.48 [Port] 0 [Flags] 2 [Guid] 1268213835 [EditorId] 1268213835 [Version] 1048832 [Id] WindowsEditor(7,G110C08) [Debug] 1 [PackageName] WindowsEditor [ProjectName] Editor" 

Player connection [36824]  * "[IP] 172.25.0.1 [Port] 0 [Flags] 2 [Guid] 1268213835 [EditorId] 1268213835 [Version] 1048832 [Id] WindowsEditor(7,G110C08) [Debug] 1 [PackageName] WindowsEditor [ProjectName] Editor" 

Player connection [36824]  * "[IP] 10.129.5.69 [Port] 0 [Flags] 2 [Guid] 1268213835 [EditorId] 1268213835 [Version] 1048832 [Id] WindowsEditor(7,G110C08) [Debug] 1 [PackageName] WindowsEditor [ProjectName] Editor" 

Unable to join player connection multicast group (err: 10013).
Player connection [36824] Host joined alternative multi-casting on [225.0.0.222:34997]...
JobSystem: Creating JobQueue using job-worker-count value 15
Input System module state changed to: Initialized.
[Physics::Module] Initialized fallback backend.
[Physics::Module] Id: 0xdecafbad
Library Redirect Path: Library/
[Physics::Module] Selected backend.
[Physics::Module] Name: PhysX
[Physics::Module] Id: 0xf2b8ea05
[Physics::Module] SDK Version: 4.1.2
[Physics::Module] Integration Version: 1.0.0
[Physics::Module] Threading Mode: Multi-Threaded
Refreshing native plugins compatible for Editor in 1.72 ms, found 3 plugins.
Preloading 0 native plugins for Editor in 0.00 ms.
Initialize engine version: 6000.3.15f1 (c1aa84e375f6)
[Subsystems] Discovering subsystems at path C:/Program Files/Unity/Hub/Editor/6000.3.15f1/Editor/Data/Resources/UnitySubsystems
[Subsystems] Discovering subsystems at path D:/penda/unity/Cross_Platform_Second_Year/01Base/Assets
GfxDevice: creating device client; kGfxThreadingModeNonThreaded
Direct3D:
    Version:  Direct3D 11.0 [level 11.1]
    Renderer: NVIDIA GeForce RTX 4090 (ID=0x2684)
    Vendor:   NVIDIA
    VRAM:     24138 MB
    Driver:   32.0.16.1060
Initialize mono
Mono path[0] = 'C:/Program Files/Unity/Hub/Editor/6000.3.15f1/Editor/Data/Managed'
Mono path[1] = 'C:/Program Files/Unity/Hub/Editor/6000.3.15f1/Editor/Data/MonoBleedingEdge/lib/mono/unityjit-win32'
Mono config path = 'C:/Program Files/Unity/Hub/Editor/6000.3.15f1/Editor/Data/MonoBleedingEdge/etc'
Using monoOptions --debugger-agent=transport=dt_socket,embedding=1,server=y,suspend=n,address=127.0.0.1:56360
Begin MonoManager ReloadAssembly
[Licensing::Client] Error: HandshakeResponse reported an error:
	ResponseCode: 505
	ResponseStatus: Unsupported protocol version '1.18.1'.
[Licensing::Module] Error: Failed to handshake to channel: "LicenseClient-penda"
[Licensing::IpcConnector] LicenseClient-penda channel disconnected successfully.
[Licensing::IpcConnector] Successfully connected to: "LicenseClient-penda-6000.3.15" at "2026-09-07T10:19:08.2634003Z"
[Licensing::Client] Code 10 while verifying Licensing Client signature (process Id: 44620, path: "C:/Program Files/Unity/Hub/Editor/6000.3.15f1/Editor/Data/Resources/Licensing/Client/Unity.Licensing.Client.exe")
[Licensing::Module] LicensingClient has failed validation; ignoring
[Licensing::Client] Handshaking with LicensingClient:
  Version:                 1.18.1+9fbee8e
  Session Id:              d029bde999f240d194d9896efb2341dc
  Correlation Id:          3688c65f1376497fa1713829f8e4740f
  External correlation Id: 8212311459342148045
  Machine Id:              qPN7DftdcpIKcvUAdtd0s8G8JgU=
[Licensing::Module] Successfully connected to LicensingClient on channel: "LicenseClient-penda-6000.3.15" (connect: 0.00s, validation: 0.00s, handshake: 0.00s)
[Licensing::IpcConnector] Successfully connected to: "LicenseClient-penda-6000.3.15-notifications" at "2026-09-07T10:19:08.2682669Z"
[Licensing::Module] Licensing Background thread has ended after 0.84s
Registering precompiled unity dll's ...
Register platform support module: C:/Program Files/Unity/Hub/Editor/6000.3.15f1/Editor/Data/PlaybackEngines/WebGLSupport/UnityEditor.WebGL.Extensions.dll
Register platform support module: C:/Program Files/Unity/Hub/Editor/6000.3.15f1/Editor/Data/PlaybackEngines/WindowsStandaloneSupport/UnityEditor.WindowsStandalone.Extensions.dll
[Licensing::Client] Successfully resolved entitlement details
[Licensing::Module] License group:
  Id: E4-XGMM-35DU-AR6D-VYXM-XXXX
  Product: Unity Education
  Type: ULF
  Expiration: 2026-11-06T16:40:19Z
Register platform support module: C:/Program Files/Unity/Hub/Editor/6000.3.15f1/Editor/Data/PlaybackEngines/MetroSupport/UnityEditor.UWP.Extensions.dll
[Licensing::Client] Successfully resolved entitlement details
Register platform support module: C:/Program Files/Unity/Hub/Editor/6000.3.15f1/Editor/Data/PlaybackEngines/AndroidPlayer/UnityEditor.Android.Extensions.dll
Registered in 0.005091 seconds.
- Loaded All Assemblies, in  0.280 seconds
Native extension for Android target not found
Native extension for UWP target not found
Native extension for WindowsStandalone target not found
Native extension for WebGL target not found
Package Manager log level set to [2]
[Package Manager] Failed to launch server process. Reason: Unity was launched with the -noUpm command-line argument
[Package Manager] Unable to send message (not connected to server process).
[Package Manager] Cannot connect to Unity Package Manager local server
ScheduleIndexationOnStartup MainProcess:False IndexOnStartup:True
Mono: successfully reloaded assembly
- Finished resetting the current domain, in  0.246 seconds
Domain Reload Profiling: 524ms
	BeginReloadAssembly (93ms)
		ExecutionOrderSort (0ms)
		DisableScriptedObjects (0ms)
		BackupInstance (0ms)
		ReleaseScriptingObjects (0ms)
		CreateAndSetChildDomain (1ms)
	RebuildCommonClasses (24ms)
	RebuildNativeTypeToScriptingClass (8ms)
	initialDomainReloadingComplete (33ms)
	LoadAllAssembliesAndSetupDomain (119ms)
		LoadAssemblies (92ms)
		RebuildTransferFunctionScriptingTraits (0ms)
		AnalyzeDomain (117ms)
			TypeCache.Refresh (116ms)
				TypeCache.ScanAssembly (106ms)
			BuildScriptInfoCaches (0ms)
			ResolveRequiredComponents (0ms)
	FinalizeReload (246ms)
		ReleaseScriptCaches (0ms)
		RebuildScriptCaches (0ms)
		SetupLoadedEditorAssemblies (224ms)
			LogAssemblyErrors (0ms)
			InitializePlatformSupportModulesInManaged (38ms)
			SetLoadedEditorAssemblies (2ms)
			BeforeProcessingInitializeOnLoad (52ms)
			ProcessInitializeOnLoadAttributes (84ms)
			ProcessInitializeOnLoadMethodAttributes (47ms)
			AfterProcessingInitializeOnLoad (0ms)
			EditorAssembliesLoaded (0ms)
		ExecutionOrderSort2 (0ms)
		AwakeInstancesAfterBackupRestoration (0ms)
========================================================================
Worker process is ready to serve import requests
Import Worker Mode flag is 0x00
Begin MonoManager ReloadAssembly
[Licensing::Client] Successfully resolved entitlement details
Symbol file LoadedFromMemory is not a mono symbol file
- Loaded All Assemblies, in  0.411 seconds
Refreshing native plugins compatible for Editor in 1.52 ms, found 3 plugins.
Native extension for Android target not found
Native extension for UWP target not found
Native extension for WindowsStandalone target not found
Native extension for WebGL target not found
[Package Manager] Failed to launch server process. Reason: Unity was launched with the -noUpm command-line argument
[Package Manager] Unable to send message (not connected to server process).
[Package Manager] Cannot connect to Unity Package Manager local server
Refreshing native plugins compatible for Editor in 1.48 ms, found 3 plugins.
[Package Manager] Failed to launch server process. Reason: Unity was launched with the -noUpm command-line argument
[Package Manager] Unable to send message (not connected to server process).
[Package Manager] Cannot connect to Unity Package Manager local server
ScheduleIndexationOnStartup MainProcess:False IndexOnStartup:True
Mono: successfully reloaded assembly
- Finished resetting the current domain, in  0.350 seconds
Domain Reload Profiling: 760ms
	BeginReloadAssembly (112ms)
		ExecutionOrderSort (0ms)
		DisableScriptedObjects (3ms)
		BackupInstance (0ms)
		ReleaseScriptingObjects (0ms)
		CreateAndSetChildDomain (17ms)
	RebuildCommonClasses (23ms)
	RebuildNativeTypeToScriptingClass (8ms)
	initialDomainReloadingComplete (22ms)
	LoadAllAssembliesAndSetupDomain (244ms)
		LoadAssemblies (209ms)
		RebuildTransferFunctionScriptingTraits (0ms)
		AnalyzeDomain (97ms)
			TypeCache.Refresh (75ms)
				TypeCache.ScanAssembly (63ms)
			BuildScriptInfoCaches (18ms)
			ResolveRequiredComponents (1ms)
	FinalizeReload (350ms)
		ReleaseScriptCaches (0ms)
		RebuildScriptCaches (0ms)
		SetupLoadedEditorAssemblies (281ms)
			LogAssemblyErrors (0ms)
			InitializePlatformSupportModulesInManaged (6ms)
			SetLoadedEditorAssemblies (3ms)
			BeforeProcessingInitializeOnLoad (67ms)
			ProcessInitializeOnLoadAttributes (165ms)
			ProcessInitializeOnLoadMethodAttributes (37ms)
			AfterProcessingInitializeOnLoad (3ms)
			EditorAssembliesLoaded (0ms)
		ExecutionOrderSort2 (0ms)
		AwakeInstancesAfterBackupRestoration (3ms)
Launched and connected shader compiler UnityShaderCompiler.exe after 0.01 seconds
Refreshing native plugins compatible for Editor in 1.57 ms, found 3 plugins.
Preloading 0 native plugins for Editor in 0.00 ms.
Unloading 0 Unused Serialized files (Serialized files now loaded: 0)
Unloading 2821 unused Assets / (0.8 MB). Loaded Objects now: 3388.
Memory consumption went from 89.1 MB to 88.3 MB.
Total: 4.257500 ms (FindLiveObjects: 0.234100 ms CreateObjectMapping: 0.095100 ms MarkObjects: 3.367500 ms  DeleteObjects: 0.559000 ms)

========================================================================
Received Import Request.
  Time since last request: 26255.630703 seconds.
  path: Assets/PT_Scripts/PT_basic_touch_spawn.cs
  artifactKey: Guid(edfd7a4e535dc8f4a999f5783516e0c1) Importer(2089858483,d624ce77472d68a35037170ec1d2d27e)
Start importing Assets/PT_Scripts/PT_basic_touch_spawn.cs using Guid(edfd7a4e535dc8f4a999f5783516e0c1) Importer(2089858483,d624ce77472d68a35037170ec1d2d27e) (ScriptedImporter) -> (artifact id: 'cd1113ae25fe0157f503d1a69b15a5af') in 0.062541 seconds
Number of updated asset objects reloaded before import = 0Number of asset objects unloaded after import = 0

========================================================================
Received Import Request.
  Time since last request: 0.000014 seconds.
  path: Assets/PT_Prefabs/Asteroids/Asteroid_Small.prefab
  artifactKey: Guid(9c5e53403d7c8ff47ad299ca6f7156cd) Importer(2089858483,d624ce77472d68a35037170ec1d2d27e)
Start importing Assets/PT_Prefabs/Asteroids/Asteroid_Small.prefab using Guid(9c5e53403d7c8ff47ad299ca6f7156cd) Importer(2089858483,d624ce77472d68a35037170ec1d2d27e) (ScriptedImporter) -> (artifact id: '90ecc20c5bc31b7952959c5f6e5c18a7') in 0.0319287 seconds
Number of updated asset objects reloaded before import = 0Number of asset objects unloaded after import = 15

========================================================================
Received Import Request.
  Time since last request: 0.000013 seconds.
  path: Assets/PT_Scripts/PT_basic_spawner.cs
  artifactKey: Guid(46844c9ad01adc84297d793f9d49ba92) Importer(2089858483,d624ce77472d68a35037170ec1d2d27e)
Start importing Assets/PT_Scripts/PT_basic_spawner.cs using Guid(46844c9ad01adc84297d793f9d49ba92) Importer(2089858483,d624ce77472d68a35037170ec1d2d27e) (ScriptedImporter) -> (artifact id: '5820cdda747fcad6bf741736e57971a0') in 0.0060033 seconds
Number of updated asset objects reloaded before import = 0Number of asset objects unloaded after import = 0

========================================================================
Received Import Request.
  Time since last request: 0.000060 seconds.
  path: Assets/MDXGames_Textures/Stars/Star_Green.png
  artifactKey: Guid(7b696c56026d9fa4aa2e1f1df38e2575) Importer(2089858483,d624ce77472d68a35037170ec1d2d27e)
Start importing Assets/MDXGames_Textures/Stars/Star_Green.png using Guid(7b696c56026d9fa4aa2e1f1df38e2575) Importer(2089858483,d624ce77472d68a35037170ec1d2d27e) (ScriptedImporter) -> (artifact id: 'c38ebda9d03fc93afe9d09379b06363e') in 0.0268798 seconds
Number of updated asset objects reloaded before import = 0Number of asset objects unloaded after import = 3

========================================================================
Received Import Request.
  Time since last request: 0.000013 seconds.
  path: Assets/PT_Scripts/PT_die_when_hit.cs
  artifactKey: Guid(f5b328eec46570940975d7e5bee6d05c) Importer(2089858483,d624ce77472d68a35037170ec1d2d27e)
Start importing Assets/PT_Scripts/PT_die_when_hit.cs using Guid(f5b328eec46570940975d7e5bee6d05c) Importer(2089858483,d624ce77472d68a35037170ec1d2d27e) (ScriptedImporter) -> (artifact id: 'ddd8fc9fcb72286d527331c827b3e21b') in 0.006626 seconds
Number of updated asset objects reloaded before import = 0Number of asset objects unloaded after import = 0

========================================================================
Received Import Request.
  Time since last request: 0.000036 seconds.
  path: Assets/MDXGames_Textures/Circles/Circle_Green.png
  artifactKey: Guid(4609bef58f71c6a4f90694493eb095b0) Importer(2089858483,d624ce77472d68a35037170ec1d2d27e)
Start importing Assets/MDXGames_Textures/Circles/Circle_Green.png using Guid(4609bef58f71c6a4f90694493eb095b0) Importer(2089858483,d624ce77472d68a35037170ec1d2d27e) (ScriptedImporter) -> (artifact id: 'c978e8de0d53b2cdd117e965ffd1b6c0') in 0.0086347 seconds
Number of updated asset objects reloaded before import = 0Number of asset objects unloaded after import = 3

========================================================================
Received Import Request.
  Time since last request: 0.000013 seconds.
  path: Assets/MobileDependencyResolver/Editor/1.2.185/Google.JarResolver.dll
  artifactKey: Guid(459f2b4255ec498caed1c0aeb1bf03a0) Importer(2089858483,d624ce77472d68a35037170ec1d2d27e)
Start importing Assets/MobileDependencyResolver/Editor/1.2.185/Google.JarResolver.dll using Guid(459f2b4255ec498caed1c0aeb1bf03a0) Importer(2089858483,d624ce77472d68a35037170ec1d2d27e) (ScriptedImporter) -> (artifact id: '2e966fb4ca219a0e664701840025d54a') in 0.0086301 seconds
Number of updated asset objects reloaded before import = 0Number of asset objects unloaded after import = 0

========================================================================
Received Import Request.
  Time since last request: 0.000052 seconds.
  path: Assets/MDXGames_Textures/Triangles/Triangle_Yellow.png
  artifactKey: Guid(06f233ca2aa83b448a2a080ab034d52f) Importer(2089858483,d624ce77472d68a35037170ec1d2d27e)
Start importing Assets/MDXGames_Textures/Triangles/Triangle_Yellow.png using Guid(06f233ca2aa83b448a2a080ab034d52f) Importer(2089858483,d624ce77472d68a35037170ec1d2d27e) (ScriptedImporter) -> (artifact id: '01f0d5d9fd797bde24888c7e50d8b89c') in 0.008178 seconds
Number of updated asset objects reloaded before import = 0Number of asset objects unloaded after import = 3

========================================================================
Received Import Request.
  Time since last request: 0.000012 seconds.
  path: Assets/PT_Scripts/PT_bullet_move.cs
  artifactKey: Guid(3d7811c621288814083723dbaf191d97) Importer(2089858483,d624ce77472d68a35037170ec1d2d27e)
Start importing Assets/PT_Scripts/PT_bullet_move.cs using Guid(3d7811c621288814083723dbaf191d97) Importer(2089858483,d624ce77472d68a35037170ec1d2d27e) (ScriptedImporter) -> (artifact id: '9b6da96f1e66933fb8a7f5dcecebde4a') in 0.0068248 seconds
Number of updated asset objects reloaded before import = 0Number of asset objects unloaded after import = 0

========================================================================
Received Import Request.
  Time since last request: 0.000057 seconds.
  path: Assets/PT_scenes/Multitouch.unity
  artifactKey: Guid(3c44b32838230184bb751f0a2f3a29e7) Importer(2089858483,d624ce77472d68a35037170ec1d2d27e)
Start importing Assets/PT_scenes/Multitouch.unity using Guid(3c44b32838230184bb751f0a2f3a29e7) Importer(2089858483,d624ce77472d68a35037170ec1d2d27e) (ScriptedImporter) -> (artifact id: '917c6dfe7bb4915d2cede8ed862f69f9') in 0.0065404 seconds
Number of updated asset objects reloaded before import = 0Number of asset objects unloaded after import = 1

========================================================================
Received Import Request.
  Time since last request: 0.000029 seconds.
  path: Assets/PT_Scripts/PT_level_data_handler.cs
  artifactKey: Guid(4e3ec4a2a40a3dc46990a18cf3ddbab1) Importer(2089858483,d624ce77472d68a35037170ec1d2d27e)
Start importing Assets/PT_Scripts/PT_level_data_handler.cs using Guid(4e3ec4a2a40a3dc46990a18cf3ddbab1) Importer(2089858483,d624ce77472d68a35037170ec1d2d27e) (ScriptedImporter) -> (artifact id: 'bbd6018aec36c70fc40c30e5654e3c3a') in 0.0065457 seconds
Number of updated asset objects reloaded before import = 0Number of asset objects unloaded after import = 0

========================================================================
Received Import Request.
  Time since last request: 0.000046 seconds.
  path: Assets/MDXGames_Textures/Circles/Circle_Grey.png
  artifactKey: Guid(43f76de75915fde4f954e50662d76522) Importer(2089858483,d624ce77472d68a35037170ec1d2d27e)
Start importing Assets/MDXGames_Textures/Circles/Circle_Grey.png using Guid(43f76de75915fde4f954e50662d76522) Importer(2089858483,d624ce77472d68a35037170ec1d2d27e) (ScriptedImporter) -> (artifact id: 'f24d178fae110edd56a9db4ac36d9efb') in 0.0083251 seconds
Number of updated asset objects reloaded before import = 0Number of asset objects unloaded after import = 3

========================================================================
Received Import Request.
  Time since last request: 0.000011 seconds.
  path: Assets/MobileDependencyResolver/Editor/Google.VersionHandler.dll
  artifactKey: Guid(61c24b9980ea49ae90c8b62fb489de77) Importer(2089858483,d624ce77472d68a35037170ec1d2d27e)
Start importing Assets/MobileDependencyResolver/Editor/Google.VersionHandler.dll using Guid(61c24b9980ea49ae90c8b62fb489de77) Importer(2089858483,d624ce77472d68a35037170ec1d2d27e) (ScriptedImporter) -> (artifact id: '9a51206a5b961393c4aa4668c896f665') in 0.0054144 seconds
Number of updated asset objects reloaded before import = 0Number of asset objects unloaded after import = 0

========================================================================
Received Import Request.
  Time since last request: 0.000058 seconds.
  path: Assets/MDXGames_Textures/Stars/Star_Purple.png
  artifactKey: Guid(65909e79f7d46b947a3600bdd592a30a) Importer(2089858483,d624ce77472d68a35037170ec1d2d27e)
Start importing Assets/MDXGames_Textures/Stars/Star_Purple.png using Guid(65909e79f7d46b947a3600bdd592a30a) Importer(2089858483,d624ce77472d68a35037170ec1d2d27e) (ScriptedImporter) -> (artifact id: '3ea3fbe21b62ad3d462e604f43879d33') in 0.0087379 seconds
Number of updated asset objects reloaded before import = 0Number of asset objects unloaded after import = 3

========================================================================
Received Import Request.
  Time since last request: 0.000014 seconds.
  path: Assets/PT_Prefabs/Asteroids/Asteroids Game_Manager.prefab
  artifactKey: Guid(dfc12f0ebfb6d56488f78982b9a81355) Importer(2089858483,d624ce77472d68a35037170ec1d2d27e)
Start importing Assets/PT_Prefabs/Asteroids/Asteroids Game_Manager.prefab using Guid(dfc12f0ebfb6d56488f78982b9a81355) Importer(2089858483,d624ce77472d68a35037170ec1d2d27e) (ScriptedImporter) -> (artifact id: '4d265ff32df85492629f58bc67e22baa') in 0.0131863 seconds
Number of updated asset objects reloaded before import = 0Number of asset objects unloaded after import = 18

========================================================================
Received Import Request.
  Time since last request: 0.000019 seconds.
  path: Assets/PT_scenes/asteroids.unity
  artifactKey: Guid(1e4be49642400cc47a7cc4e1bd5a8dfc) Importer(2089858483,d624ce77472d68a35037170ec1d2d27e)
Start importing Assets/PT_scenes/asteroids.unity using Guid(1e4be49642400cc47a7cc4e1bd5a8dfc) Importer(2089858483,d624ce77472d68a35037170ec1d2d27e) (ScriptedImporter) -> (artifact id: 'c515c83d0a37420e31449ffb83fef19e') in 0.0045361 seconds
Number of updated asset objects reloaded before import = 0Number of asset objects unloaded after import = 1

========================================================================
Received Import Request.
  Time since last request: 0.000027 seconds.
  path: Assets/PT_Prefabs/Basics/FingerMark.prefab
  artifactKey: Guid(80ea4816b4db4d34ababab613028caa6) Importer(2089858483,d624ce77472d68a35037170ec1d2d27e)
Start importing Assets/PT_Prefabs/Basics/FingerMark.prefab using Guid(80ea4816b4db4d34ababab613028caa6) Importer(2089858483,d624ce77472d68a35037170ec1d2d27e) (ScriptedImporter) -> (artifact id: '84102461bc9b10fad5efe9b5a37b20e0') in 0.0081333 seconds
Number of updated asset objects reloaded before import = 0Number of asset objects unloaded after import = 10

========================================================================
Received Import Request.
  Time since last request: 0.000012 seconds.
  path: Assets/MDXGames_Textures/icon-ios7-circle-outline-128.png
  artifactKey: Guid(f17861dc8e94e2048bb7328fcab1247a) Importer(2089858483,d624ce77472d68a35037170ec1d2d27e)
Start importing Assets/MDXGames_Textures/icon-ios7-circle-outline-128.png using Guid(f17861dc8e94e2048bb7328fcab1247a) Importer(2089858483,d624ce77472d68a35037170ec1d2d27e) (ScriptedImporter) -> (artifact id: '05c5e8556d66582b9b22d2eb74a42db2') in 0.0076326 seconds
Number of updated asset objects reloaded before import = 0Number of asset objects unloaded after import = 3

========================================================================
Received Import Request.
  Time since last request: 0.000012 seconds.
  path: Assets/PT_Prefabs/Basics/Basic_Spawner.prefab
  artifactKey: Guid(92ba665a2fda5bb4cb651c85f921400b) Importer(2089858483,d624ce77472d68a35037170ec1d2d27e)
Start importing Assets/PT_Prefabs/Basics/Basic_Spawner.prefab using Guid(92ba665a2fda5bb4cb651c85f921400b) Importer(2089858483,d624ce77472d68a35037170ec1d2d27e) (ScriptedImporter) -> (artifact id: 'd45eb098c9fd2cff5c6cebf963b8a894') in 0.0069496 seconds
Number of updated asset objects reloaded before import = 0Number of asset objects unloaded after import = 10

========================================================================
Received Import Request.
  Time since last request: 0.000011 seconds.
  path: Assets/PT_Prefabs/Basics/Spawned_Block.prefab
  artifactKey: Guid(7d96ecfeb0af0764b972387083066737) Importer(2089858483,d624ce77472d68a35037170ec1d2d27e)
Start importing Assets/PT_Prefabs/Basics/Spawned_Block.prefab using Guid(7d96ecfeb0af0764b972387083066737) Importer(2089858483,d624ce77472d68a35037170ec1d2d27e) (ScriptedImporter) -> (artifact id: 'd7f5a90830245283b2d9dff43b826cee') in 0.0087405 seconds
Number of updated asset objects reloaded before import = 0Number of asset objects unloaded after import = 13

========================================================================
Received Import Request.
  Time since last request: 0.000013 seconds.
  path: Assets/PT_Scripts/PT_basic_forward_move.cs
  artifactKey: Guid(3c757f9549ceddc428c487627cbf5547) Importer(2089858483,d624ce77472d68a35037170ec1d2d27e)
Start importing Assets/PT_Scripts/PT_basic_forward_move.cs using Guid(3c757f9549ceddc428c487627cbf5547) Importer(2089858483,d624ce77472d68a35037170ec1d2d27e) (ScriptedImporter) -> (artifact id: 'e5de88775b13f8e8ce71a52caea3a426') in 0.0059711 seconds
Number of updated asset objects reloaded before import = 0Number of asset objects unloaded after import = 0

Editor requested this worker to shutdown with reason: Scaling down because of idle timeout
AssetImportWorkerClient::OnTransportError - code=2 error=End of file
AssetImportWorker is now disconnected from the server
Process exiting
Exiting without the bug reporter. Application will terminate with return code 0